/home/yuhkuro/projects/pico-sdk/src/rp2_common/hardware_gpio/gpio.c:153:13:gpio_default_irq_handler	48	static
/home/yuhkuro/projects/pico-sdk/src/rp2_common/hardware_gpio/gpio.c:28:5:gpio_get_pad	0	static
/home/yuhkuro/projects/pico-sdk/src/rp2_common/hardware_gpio/include/hardware/gpio.h:254:6:gpio_set_function	8	static
/home/yuhkuro/projects/pico-sdk/src/rp2_common/hardware_gpio/include/hardware/gpio.h:280:17:gpio_get_function	0	static
/home/yuhkuro/projects/pico-sdk/src/rp2_common/hardware_gpio/include/hardware/gpio.h:292:6:gpio_set_pulls	0	static
/home/yuhkuro/projects/pico-sdk/src/rp2_common/hardware_gpio/include/hardware/gpio.h:349:6:gpio_set_irqover	0	static
/home/yuhkuro/projects/pico-sdk/src/rp2_common/hardware_gpio/include/hardware/gpio.h:365:6:gpio_set_inover	0	static
/home/yuhkuro/projects/pico-sdk/src/rp2_common/hardware_gpio/include/hardware/gpio.h:357:6:gpio_set_outover	0	static
/home/yuhkuro/projects/pico-sdk/src/rp2_common/hardware_gpio/include/hardware/gpio.h:373:6:gpio_set_oeover	0	static
/home/yuhkuro/projects/pico-sdk/src/rp2_common/hardware_gpio/include/hardware/gpio.h:395:6:gpio_set_input_hysteresis_enabled	0	static
/home/yuhkuro/projects/pico-sdk/src/rp2_common/hardware_gpio/include/hardware/gpio.h:403:6:gpio_is_input_hysteresis_enabled	0	static
/home/yuhkuro/projects/pico-sdk/src/rp2_common/hardware_gpio/include/hardware/gpio.h:412:6:gpio_set_slew_rate	0	static
/home/yuhkuro/projects/pico-sdk/src/rp2_common/hardware_gpio/include/hardware/gpio.h:421:21:gpio_get_slew_rate	0	static
/home/yuhkuro/projects/pico-sdk/src/rp2_common/hardware_gpio/include/hardware/gpio.h:430:6:gpio_set_drive_strength	0	static
/home/yuhkuro/projects/pico-sdk/src/rp2_common/hardware_gpio/include/hardware/gpio.h:439:26:gpio_get_drive_strength	0	static
/home/yuhkuro/projects/pico-sdk/src/rp2_common/hardware_gpio/include/hardware/gpio.h:466:6:gpio_set_irq_enabled	12	static
/home/yuhkuro/projects/pico-sdk/src/rp2_common/hardware_gpio/include/hardware/gpio.h:525:6:gpio_set_irq_enabled_with_callback	40	static
/home/yuhkuro/projects/pico-sdk/src/rp2_common/hardware_gpio/include/hardware/gpio.h:492:6:gpio_set_irq_callback	16	static
/home/yuhkuro/projects/pico-sdk/src/rp2_common/hardware_gpio/include/hardware/gpio.h:603:6:gpio_add_raw_irq_handler_with_order_priority_masked	24	static
/home/yuhkuro/projects/pico-sdk/src/rp2_common/hardware_gpio/include/hardware/gpio.h:638:6:gpio_add_raw_irq_handler_with_order_priority_masked64	32	static
/home/yuhkuro/projects/pico-sdk/src/rp2_common/hardware_gpio/include/hardware/gpio.h:708:6:gpio_add_raw_irq_handler_masked	24	static
/home/yuhkuro/projects/pico-sdk/src/rp2_common/hardware_gpio/include/hardware/gpio.h:740:6:gpio_add_raw_irq_handler_masked64	24	static
/home/yuhkuro/projects/pico-sdk/src/rp2_common/hardware_gpio/include/hardware/gpio.h:788:6:gpio_remove_raw_irq_handler_masked	8	static
/home/yuhkuro/projects/pico-sdk/src/rp2_common/hardware_gpio/include/hardware/gpio.h:801:6:gpio_remove_raw_irq_handler_masked64	8	static
/home/yuhkuro/projects/pico-sdk/src/rp2_common/hardware_gpio/include/hardware/gpio.h:537:6:gpio_set_dormant_irq_enabled	8	static
/home/yuhkuro/projects/pico-sdk/src/rp2_common/hardware_gpio/include/hardware/gpio.h:568:6:gpio_acknowledge_irq	0	static
/home/yuhkuro/projects/pico-sdk/src/rp2_common/hardware_gpio/include/hardware/gpio.h:1399:13:gpio_debug_pins_init	28	static
/home/yuhkuro/projects/pico-sdk/src/rp2_common/hardware_gpio/include/hardware/gpio.h:381:6:gpio_set_input_enabled	0	static
/home/yuhkuro/projects/pico-sdk/src/rp2_common/hardware_gpio/include/hardware/gpio.h:831:6:gpio_init	0	static
/home/yuhkuro/projects/pico-sdk/src/rp2_common/hardware_gpio/include/hardware/gpio.h:838:6:gpio_deinit	0	static
/home/yuhkuro/projects/pico-sdk/src/rp2_common/hardware_gpio/include/hardware/gpio.h:848:6:gpio_init_mask	28	static
/home/yuhkuro/projects/pico-sdk/src/rp2_common/hardware_gpio/include/hardware/gpio.h:263:6:gpio_set_function_masked	24	static
/home/yuhkuro/projects/pico-sdk/src/rp2_common/hardware_gpio/include/hardware/gpio.h:272:6:gpio_set_function_masked64	28	static
