/home/yuhkuro/projects/pico-sdk/src/rp2_common/hardware_timer/timer.c:146:13:hardware_alarm_irq_handler	32	static
/home/yuhkuro/projects/pico-sdk/src/rp2_common/hardware_timer/include/hardware/timer.h:356:6:timer_hardware_alarm_claim	8	static
/home/yuhkuro/projects/pico-sdk/src/rp2_common/hardware_timer/include/hardware/timer.h:367:6:hardware_alarm_claim	8	static
/home/yuhkuro/projects/pico-sdk/src/rp2_common/hardware_timer/include/hardware/timer.h:402:6:timer_hardware_alarm_unclaim	8	static
/home/yuhkuro/projects/pico-sdk/src/rp2_common/hardware_timer/include/hardware/timer.h:411:6:hardware_alarm_unclaim	8	static
/home/yuhkuro/projects/pico-sdk/src/rp2_common/hardware_timer/include/hardware/timer.h:422:6:timer_hardware_alarm_is_claimed	8	static
/home/yuhkuro/projects/pico-sdk/src/rp2_common/hardware_timer/include/hardware/timer.h:432:6:hardware_alarm_is_claimed	8	static
/home/yuhkuro/projects/pico-sdk/src/rp2_common/hardware_timer/include/hardware/timer.h:380:5:timer_hardware_alarm_claim_unused	16	static
/home/yuhkuro/projects/pico-sdk/src/rp2_common/hardware_timer/include/hardware/timer.h:392:5:hardware_alarm_claim_unused	16	static
/home/yuhkuro/projects/pico-sdk/src/rp2_common/hardware_timer/include/hardware/timer.h:230:10:timer_time_us_64	0	static
/home/yuhkuro/projects/pico-sdk/src/rp2_common/hardware_timer/include/hardware/timer.h:251:6:timer_busy_wait_us_32	16	static
/home/yuhkuro/projects/pico-sdk/src/rp2_common/hardware_timer/include/hardware/timer.h:268:6:timer_busy_wait_us	16	static
/home/yuhkuro/projects/pico-sdk/src/rp2_common/hardware_timer/include/hardware/timer.h:285:6:timer_busy_wait_ms	16	static
/home/yuhkuro/projects/pico-sdk/src/rp2_common/hardware_timer/include/hardware/timer.h:302:6:timer_busy_wait_until	0	static
/home/yuhkuro/projects/pico-sdk/src/rp2_common/hardware_timer/include/hardware/timer.h:242:10:time_us_64	0	static
/home/yuhkuro/projects/pico-sdk/src/rp2_common/hardware_timer/include/hardware/timer.h:259:6:busy_wait_us_32	16	static
/home/yuhkuro/projects/pico-sdk/src/rp2_common/hardware_timer/include/hardware/timer.h:276:6:busy_wait_us	16	static
/home/yuhkuro/projects/pico-sdk/src/rp2_common/hardware_timer/include/hardware/timer.h:293:6:busy_wait_ms	16	static
/home/yuhkuro/projects/pico-sdk/src/rp2_common/hardware_timer/include/hardware/timer.h:310:6:busy_wait_until	0	static
/home/yuhkuro/projects/pico-sdk/src/rp2_common/hardware_timer/include/hardware/timer.h:452:6:timer_hardware_alarm_set_callback	24	static
/home/yuhkuro/projects/pico-sdk/src/rp2_common/hardware_timer/include/hardware/timer.h:471:6:hardware_alarm_set_callback	16	static
/home/yuhkuro/projects/pico-sdk/src/rp2_common/hardware_timer/include/hardware/timer.h:485:6:timer_hardware_alarm_set_target	32	static
/home/yuhkuro/projects/pico-sdk/src/rp2_common/hardware_timer/include/hardware/timer.h:498:6:hardware_alarm_set_target	32	static
/home/yuhkuro/projects/pico-sdk/src/rp2_common/hardware_timer/include/hardware/timer.h:508:6:timer_hardware_alarm_cancel	8	static
/home/yuhkuro/projects/pico-sdk/src/rp2_common/hardware_timer/include/hardware/timer.h:517:6:hardware_alarm_cancel	0	static
/home/yuhkuro/projects/pico-sdk/src/rp2_common/hardware_timer/include/hardware/timer.h:533:6:timer_hardware_alarm_force_irq	8	static
/home/yuhkuro/projects/pico-sdk/src/rp2_common/hardware_timer/include/hardware/timer.h:548:6:hardware_alarm_force_irq	0	static
