/home/yuhkuro/projects/pico-sdk/src/rp2_common/pico_stdio/stdio.c:59:13:stdio_out_chars_no_crlf	8	static
/home/yuhkuro/projects/pico-sdk/src/rp2_common/pico_stdio/stdio.c:63:13:stdio_out_chars_crlf	24	static
/home/yuhkuro/projects/pico-sdk/src/rp2_common/pico_stdio/stdio.c:191:13:stdio_buffered_printer	24	static
/home/yuhkuro/projects/pico-sdk/src/rp2_common/pico_stdio/stdio.c:44:6:stdout_serialize_begin	8	static
/home/yuhkuro/projects/pico-sdk/src/rp2_common/pico_stdio/stdio.c:48:6:stdout_serialize_end	8	static
/home/yuhkuro/projects/pico-sdk/src/rp2_common/pico_stdio/include/pico/stdio.h:187:5:stdio_put_string	56	static
/home/yuhkuro/projects/pico-sdk/src/rp2_common/pico_stdio/include/pico/stdio.h:173:5:stdio_get_until	40	static
/home/yuhkuro/projects/pico-sdk/src/rp2_common/pico_stdio/include/pico/stdio.h:133:5:stdio_putchar_raw	40	static
/home/yuhkuro/projects/pico-sdk/src/rp2_common/pico_stdio/include/pico/stdio.h:145:5:stdio_puts_raw	16	static
/home/yuhkuro/projects/pico-sdk/src/rp2_common/pico_stdio/include/pico/stdio.h:108:6:stdio_set_driver_enabled	0	static
/home/yuhkuro/projects/pico-sdk/src/rp2_common/pico_stdio/include/pico/stdio.h:84:6:stdio_flush	8	static
/home/yuhkuro/projects/pico-sdk/src/rp2_common/pico_stdio/include/pico/stdio.h:69:6:stdio_init_all	8	static
/home/yuhkuro/projects/pico-sdk/src/rp2_common/pico_stdio/include/pico/stdio.h:79:6:stdio_deinit_all	8	static
/home/yuhkuro/projects/pico-sdk/src/rp2_common/pico_stdio/include/pico/stdio.h:92:5:stdio_getchar_timeout_us	40	static
/home/yuhkuro/projects/pico-sdk/src/rp2_common/pico_stdio/include/pico/stdio.h:118:6:stdio_filter_driver	0	static
/home/yuhkuro/projects/pico-sdk/src/rp2_common/pico_stdio/include/pico/stdio.h:128:6:stdio_set_translate_crlf	0	static
/home/yuhkuro/projects/pico-sdk/src/rp2_common/pico_stdio/include/pico/stdio.h:160:6:stdio_set_chars_available_callback	16	static
/home/yuhkuro/projects/pico-sdk/src/rp2_common/pico_stdio/stdio.c:294:5:__wrap_getchar	32	static
/home/yuhkuro/projects/pico-sdk/src/rp2_common/pico_stdio/stdio.c:302:5:__wrap_putchar	40	static
/home/yuhkuro/projects/pico-sdk/src/rp2_common/pico_stdio/stdio.c:308:5:__wrap_puts	16	static
/home/yuhkuro/projects/pico-sdk/src/rp2_common/pico_stdio/stdio.c:317:5:__wrap_vprintf	168	static
/home/yuhkuro/projects/pico-sdk/src/rp2_common/pico_stdio/stdio.c:346:24:__wrap_printf	16	static
