/home/yuhkuro/projects/pico-sdk/lib/tinyusb/src/portable/raspberrypi/rp2040/dcd_rp2040.c:222:13:reset_non_control_endpoints	8	static
/home/yuhkuro/projects/pico-sdk/lib/tinyusb/src/portable/raspberrypi/rp2040/dcd_rp2040.c:170:13:hw_handle_buff_status	64	static
/home/yuhkuro/projects/pico-sdk/lib/tinyusb/src/portable/raspberrypi/rp2040/dcd_rp2040.c:236:13:dcd_rp2040_irq	40	static
/home/yuhkuro/projects/pico-sdk/lib/tinyusb/src/portable/raspberrypi/rp2040/dcd_rp2040.c:372:6:dcd_init	24	static
/home/yuhkuro/projects/pico-sdk/lib/tinyusb/src/portable/raspberrypi/rp2040/dcd_rp2040.c:410:6:dcd_deinit	8	static
/home/yuhkuro/projects/pico-sdk/lib/tinyusb/src/portable/raspberrypi/rp2040/dcd_rp2040.c:423:6:dcd_int_enable	8	static
/home/yuhkuro/projects/pico-sdk/lib/tinyusb/src/portable/raspberrypi/rp2040/dcd_rp2040.c:428:6:dcd_int_disable	8	static
/home/yuhkuro/projects/pico-sdk/lib/tinyusb/src/portable/raspberrypi/rp2040/dcd_rp2040.c:433:6:dcd_set_address	8	static
/home/yuhkuro/projects/pico-sdk/lib/tinyusb/src/portable/raspberrypi/rp2040/dcd_rp2040.c:441:6:dcd_remote_wakeup	0	static
/home/yuhkuro/projects/pico-sdk/lib/tinyusb/src/portable/raspberrypi/rp2040/dcd_rp2040.c:452:6:dcd_disconnect	0	static
/home/yuhkuro/projects/pico-sdk/lib/tinyusb/src/portable/raspberrypi/rp2040/dcd_rp2040.c:458:6:dcd_connect	0	static
/home/yuhkuro/projects/pico-sdk/lib/tinyusb/src/portable/raspberrypi/rp2040/dcd_rp2040.c:463:6:dcd_sof_enable	0	static
/home/yuhkuro/projects/pico-sdk/lib/tinyusb/src/portable/raspberrypi/rp2040/dcd_rp2040.c:484:6:dcd_edpt0_status_complete	0	static
/home/yuhkuro/projects/pico-sdk/lib/tinyusb/src/portable/raspberrypi/rp2040/dcd_rp2040.c:494:6:dcd_edpt_open	32	static
/home/yuhkuro/projects/pico-sdk/lib/tinyusb/src/portable/raspberrypi/rp2040/dcd_rp2040.c:500:6:dcd_edpt_close_all	8	static
/home/yuhkuro/projects/pico-sdk/lib/tinyusb/src/portable/raspberrypi/rp2040/dcd_rp2040.c:507:6:dcd_edpt_xfer	8	static
/home/yuhkuro/projects/pico-sdk/lib/tinyusb/src/portable/raspberrypi/rp2040/dcd_rp2040.c:513:6:dcd_edpt_stall	8	static
/home/yuhkuro/projects/pico-sdk/lib/tinyusb/src/portable/raspberrypi/rp2040/dcd_rp2040.c:529:6:dcd_edpt_clear_stall	8	static
/home/yuhkuro/projects/pico-sdk/lib/tinyusb/src/portable/raspberrypi/rp2040/dcd_rp2040.c:541:6:dcd_edpt_close	8	static
/home/yuhkuro/projects/pico-sdk/lib/tinyusb/src/portable/raspberrypi/rp2040/dcd_rp2040.c:547:6:dcd_int_handler	8	static
