/home/yuhkuro/projects/pico-sdk/lib/tinyusb/src/device/usbd.c:84:19:tud_vendor_control_xfer_cb	0	static
/home/yuhkuro/projects/pico-sdk/lib/tinyusb/src/device/usbd.c:48:19:tud_event_hook_cb	0	static
/home/yuhkuro/projects/pico-sdk/lib/tinyusb/src/device/usbd.c:54:19:tud_sof_cb	0	static
/home/yuhkuro/projects/pico-sdk/lib/tinyusb/src/device/usbd.c:58:29:tud_descriptor_bos_cb	0	static
/home/yuhkuro/projects/pico-sdk/lib/tinyusb/src/device/usbd.c:62:29:tud_descriptor_device_qualifier_cb	0	static
/home/yuhkuro/projects/pico-sdk/lib/tinyusb/src/device/usbd.c:66:29:tud_descriptor_other_speed_configuration_cb	0	static
/home/yuhkuro/projects/pico-sdk/lib/tinyusb/src/device/usbd.c:71:19:tud_mount_cb	0	static
/home/yuhkuro/projects/pico-sdk/lib/tinyusb/src/device/usbd.c:74:19:tud_umount_cb	0	static
/home/yuhkuro/projects/pico-sdk/lib/tinyusb/src/device/usbd.c:77:19:tud_suspend_cb	0	static
/home/yuhkuro/projects/pico-sdk/lib/tinyusb/src/device/usbd.c:81:19:tud_resume_cb	0	static
/home/yuhkuro/projects/pico-sdk/lib/tinyusb/src/device/usbd.c:91:19:dcd_deinit	0	static
/home/yuhkuro/projects/pico-sdk/lib/tinyusb/src/device/usbd.c:96:19:dcd_connect	0	static
/home/yuhkuro/projects/pico-sdk/lib/tinyusb/src/device/usbd.c:100:19:dcd_disconnect	0	static
/home/yuhkuro/projects/pico-sdk/lib/tinyusb/src/device/usbd.c:407:14:tud_speed_get	0	static
/home/yuhkuro/projects/pico-sdk/lib/tinyusb/src/device/usbd.c:411:6:tud_connected	0	static
/home/yuhkuro/projects/pico-sdk/lib/tinyusb/src/device/usbd.c:415:6:tud_mounted	0	static
/home/yuhkuro/projects/pico-sdk/lib/tinyusb/src/device/usbd.c:419:6:tud_suspended	0	static
/home/yuhkuro/projects/pico-sdk/lib/tinyusb/src/device/usbd.c:423:6:tud_remote_wakeup	8	static
/home/yuhkuro/projects/pico-sdk/lib/tinyusb/src/device/usbd.c:430:6:tud_disconnect	8	static
/home/yuhkuro/projects/pico-sdk/lib/tinyusb/src/device/usbd.c:435:6:tud_connect	8	static
/home/yuhkuro/projects/pico-sdk/lib/tinyusb/src/device/usbd.c:440:6:tud_sof_cb_enable	8	static
/home/yuhkuro/projects/pico-sdk/lib/tinyusb/src/device/usbd.c:447:6:tud_inited	0	static
/home/yuhkuro/projects/pico-sdk/lib/tinyusb/src/device/usbd.c:451:6:tud_init	32	static
/home/yuhkuro/projects/pico-sdk/lib/tinyusb/src/device/usbd.c:496:6:tud_deinit	24	static
/home/yuhkuro/projects/pico-sdk/lib/tinyusb/src/device/usbd.c:548:6:tud_task_event_ready	8	static
/home/yuhkuro/projects/pico-sdk/lib/tinyusb/src/device/usbd.c:568:6:tud_task_ext	96	static
/home/yuhkuro/projects/pico-sdk/lib/tinyusb/src/device/usbd.c:1149:24:dcd_event_handler	48	static
/home/yuhkuro/projects/pico-sdk/lib/tinyusb/src/device/usbd.c:1223:6:usbd_int_set	8	static
/home/yuhkuro/projects/pico-sdk/lib/tinyusb/src/device/usbd.c:1235:6:usbd_open_edpt_pair	40	static
/home/yuhkuro/projects/pico-sdk/lib/tinyusb/src/device/usbd.c:1259:6:usbd_defer_func	32	static
/home/yuhkuro/projects/pico-sdk/lib/tinyusb/src/device/usbd.c:1274:6:usbd_edpt_open	16	static
/home/yuhkuro/projects/pico-sdk/lib/tinyusb/src/device/usbd.c:1283:6:usbd_edpt_claim	8	static
/home/yuhkuro/projects/pico-sdk/lib/tinyusb/src/device/usbd.c:1296:6:usbd_edpt_release	8	static
/home/yuhkuro/projects/pico-sdk/lib/tinyusb/src/device/usbd.c:1306:6:usbd_edpt_xfer	16	static
/home/yuhkuro/projects/pico-sdk/lib/tinyusb/src/device/usbd.c:1345:6:usbd_edpt_xfer_fifo	16	static
/home/yuhkuro/projects/pico-sdk/lib/tinyusb/src/device/usbd.c:1373:6:usbd_edpt_busy	0	static
/home/yuhkuro/projects/pico-sdk/lib/tinyusb/src/device/usbd.c:1382:6:usbd_edpt_stall	8	static
/home/yuhkuro/projects/pico-sdk/lib/tinyusb/src/device/usbd.c:1395:6:usbd_edpt_clear_stall	8	static
/home/yuhkuro/projects/pico-sdk/lib/tinyusb/src/device/usbd.c:1408:6:usbd_edpt_stalled	0	static
/home/yuhkuro/projects/pico-sdk/lib/tinyusb/src/device/usbd.c:1421:6:usbd_edpt_close	8	static
/home/yuhkuro/projects/pico-sdk/lib/tinyusb/src/device/usbd.c:1438:6:usbd_sof_enable	16	static
/home/yuhkuro/projects/pico-sdk/lib/tinyusb/src/device/usbd.c:1455:6:usbd_edpt_iso_alloc	8	static
/home/yuhkuro/projects/pico-sdk/lib/tinyusb/src/device/usbd.c:1464:6:usbd_edpt_iso_activate	24	static
