/home/yuhkuro/projects/pico-sdk/lib/tinyusb/src/common/tusb_fifo.c:70:6:tu_fifo_config	24	static
/home/yuhkuro/projects/pico-sdk/lib/tinyusb/src/common/tusb_fifo.c:591:10:tu_fifo_count	8	static
/home/yuhkuro/projects/pico-sdk/lib/tinyusb/src/common/tusb_fifo.c:609:6:tu_fifo_empty	0	static
/home/yuhkuro/projects/pico-sdk/lib/tinyusb/src/common/tusb_fifo.c:627:6:tu_fifo_full	8	static
/home/yuhkuro/projects/pico-sdk/lib/tinyusb/src/common/tusb_fifo.c:645:10:tu_fifo_remaining	8	static
/home/yuhkuro/projects/pico-sdk/lib/tinyusb/src/common/tusb_fifo.c:671:6:tu_fifo_overflowed	8	static
/home/yuhkuro/projects/pico-sdk/lib/tinyusb/src/common/tusb_fifo.c:677:6:tu_fifo_correct_read_pointer	8	static
/home/yuhkuro/projects/pico-sdk/lib/tinyusb/src/common/tusb_fifo.c:700:6:tu_fifo_read	16	static
/home/yuhkuro/projects/pico-sdk/lib/tinyusb/src/common/tusb_fifo.c:731:10:tu_fifo_read_n	32	static
/home/yuhkuro/projects/pico-sdk/lib/tinyusb/src/common/tusb_fifo.c:773:6:tu_fifo_peek	16	static
/home/yuhkuro/projects/pico-sdk/lib/tinyusb/src/common/tusb_fifo.c:796:10:tu_fifo_peek_n	32	static
/home/yuhkuro/projects/pico-sdk/lib/tinyusb/src/common/tusb_fifo.c:820:6:tu_fifo_write	24	static
/home/yuhkuro/projects/pico-sdk/lib/tinyusb/src/common/tusb_fifo.c:862:10:tu_fifo_write_n	48	static
/home/yuhkuro/projects/pico-sdk/lib/tinyusb/src/common/tusb_fifo.c:897:6:tu_fifo_clear	8	static
/home/yuhkuro/projects/pico-sdk/lib/tinyusb/src/common/tusb_fifo.c:920:6:tu_fifo_set_overwritable	16	static
/home/yuhkuro/projects/pico-sdk/lib/tinyusb/src/common/tusb_fifo.c:949:6:tu_fifo_advance_write_pointer	0	static
/home/yuhkuro/projects/pico-sdk/lib/tinyusb/src/common/tusb_fifo.c:970:6:tu_fifo_advance_read_pointer	0	static
/home/yuhkuro/projects/pico-sdk/lib/tinyusb/src/common/tusb_fifo.c:990:6:tu_fifo_get_read_info	24	static
/home/yuhkuro/projects/pico-sdk/lib/tinyusb/src/common/tusb_fifo.c:1058:6:tu_fifo_get_write_info	16	static
