/home/yuhkuro/projects/pico-sdk/src/common/pico_util/include/pico/util/pheap.h:125:24:ph_merge_nodes	16	static
/home/yuhkuro/projects/pico-sdk/src/common/pico_util/pheap.c:118:13:ph_dump_node	56	static
/home/yuhkuro/projects/pico-sdk/src/common/pico_util/include/pico/util/pheap.h:86:10:ph_create	32	static
/home/yuhkuro/projects/pico-sdk/src/common/pico_util/include/pico/util/pheap.h:275:6:ph_post_alloc_init	8	static
/home/yuhkuro/projects/pico-sdk/src/common/pico_util/include/pico/util/pheap.h:92:6:ph_clear	0	static
/home/yuhkuro/projects/pico-sdk/src/common/pico_util/include/pico/util/pheap.h:100:6:ph_destroy	8	static
/home/yuhkuro/projects/pico-sdk/src/common/pico_util/pheap.c:42:17:ph_merge_two_pass	16	static
/home/yuhkuro/projects/pico-sdk/src/common/pico_util/pheap.c:55:24:ph_remove_any_head	40	static
/home/yuhkuro/projects/pico-sdk/src/common/pico_util/include/pico/util/pheap.h:198:17:ph_remove_head	40	static
/home/yuhkuro/projects/pico-sdk/src/common/pico_util/include/pico/util/pheap.h:224:6:ph_remove_and_free_node	16	static
/home/yuhkuro/projects/pico-sdk/src/common/pico_util/include/pico/util/pheap.h:264:6:ph_dump	104	static
