/home/yuhkuro/projects/pico-sdk/src/rp2_common/pico_cxx_options/new_delete.cpp:14:7:void* operator new(std::size_t)	8	static
/home/yuhkuro/projects/pico-sdk/src/rp2_common/pico_cxx_options/new_delete.cpp:18:7:void* operator new [](std::size_t)	8	static
/home/yuhkuro/projects/pico-sdk/src/rp2_common/pico_cxx_options/new_delete.cpp:22:6:void operator delete(void*)	8	static
/home/yuhkuro/projects/pico-sdk/src/rp2_common/pico_cxx_options/new_delete.cpp:24:6:void operator delete [](void*)	8	static
/home/yuhkuro/projects/pico-sdk/src/rp2_common/pico_cxx_options/new_delete.cpp:28:6:void operator delete(void*, std::size_t)	8	static
/home/yuhkuro/projects/pico-sdk/src/rp2_common/pico_cxx_options/new_delete.cpp:30:6:void operator delete [](void*, std::size_t)	8	static
