/home/yuhkuro/projects/pico-sdk/lib/tinyusb/src/class/hid/hid_device.c:76:19:tud_hid_set_protocol_cb	0	static
/home/yuhkuro/projects/pico-sdk/lib/tinyusb/src/class/hid/hid_device.c:81:19:tud_hid_set_idle_cb	0	static
/home/yuhkuro/projects/pico-sdk/lib/tinyusb/src/class/hid/hid_device.c:87:19:tud_hid_report_complete_cb	0	static
/home/yuhkuro/projects/pico-sdk/lib/tinyusb/src/class/hid/hid_device.c:94:19:tud_hid_report_failed_cb	0	static
/home/yuhkuro/projects/pico-sdk/lib/tinyusb/src/class/hid/hid_device.c:104:6:tud_hid_n_ready	8	static
/home/yuhkuro/projects/pico-sdk/lib/tinyusb/src/class/hid/hid_device.c:110:6:tud_hid_n_report	40	static
/home/yuhkuro/projects/pico-sdk/lib/tinyusb/src/class/hid/hid_device.c:129:9:tud_hid_n_interface_protocol	0	static
/home/yuhkuro/projects/pico-sdk/lib/tinyusb/src/class/hid/hid_device.c:133:9:tud_hid_n_get_protocol	0	static
/home/yuhkuro/projects/pico-sdk/lib/tinyusb/src/class/hid/hid_device.c:137:6:tud_hid_n_keyboard_report	40	static
/home/yuhkuro/projects/pico-sdk/lib/tinyusb/src/class/hid/hid_device.c:151:6:tud_hid_n_mouse_report	56	static
/home/yuhkuro/projects/pico-sdk/lib/tinyusb/src/class/hid/hid_device.c:164:6:tud_hid_n_abs_mouse_report	56	static
/home/yuhkuro/projects/pico-sdk/lib/tinyusb/src/class/hid/hid_device.c:176:6:tud_hid_n_gamepad_report	64	static
/home/yuhkuro/projects/pico-sdk/lib/tinyusb/src/class/hid/hid_device.c:195:6:hidd_init	8	static
/home/yuhkuro/projects/pico-sdk/lib/tinyusb/src/class/hid/hid_device.c:199:6:hidd_deinit	0	static
/home/yuhkuro/projects/pico-sdk/lib/tinyusb/src/class/hid/hid_device.c:203:6:hidd_reset	8	static
/home/yuhkuro/projects/pico-sdk/lib/tinyusb/src/class/hid/hid_device.c:208:10:hidd_open	32	static
/home/yuhkuro/projects/pico-sdk/lib/tinyusb/src/class/hid/hid_device.c:262:6:hidd_control_xfer_cb	32	static
/home/yuhkuro/projects/pico-sdk/lib/tinyusb/src/class/hid/hid_device.c:373:6:hidd_xfer_cb	24	static
