/home/yuhkuro/projects/pico-sdk/src/rp2_common/pico_fix/rp2040_usb_device_enumeration/rp2040_usb_device_enumeration.c:78:9:hw_enumeration_fix_force_ls_j_done	0	static
/home/yuhkuro/projects/pico-sdk/src/rp2_common/pico_fix/rp2040_usb_device_enumeration/rp2040_usb_device_enumeration.c:88:13:hw_enumeration_fix_force_ls_j	32	static
/home/yuhkuro/projects/pico-sdk/src/rp2_common/pico_fix/rp2040_usb_device_enumeration/rp2040_usb_device_enumeration.c:45:9:hw_enumeration_fix_wait_se0_callback	8	static
/home/yuhkuro/projects/pico-sdk/src/rp2_common/pico_fix/rp2040_usb_device_enumeration/include/pico/fix/rp2040_usb_device_enumeration.h:15:6:rp2040_usb_device_enumeration_fix	24	static
