/home/yuhkuro/projects/numlocked/firmware_simple/ssd1306.c:196:6:ssd1306_draw_char_with_font.part.0	96	static
/home/yuhkuro/projects/numlocked/firmware_simple/ssd1306.c:244:6:ssd1306_bmp_show_image_with_offset.part.0	64	static
/home/yuhkuro/projects/numlocked/firmware_simple/ssd1306.c:61:6:ssd1306_init	80	static
/home/yuhkuro/projects/numlocked/firmware_simple/ssd1306.c:118:13:ssd1306_deinit	8	static
/home/yuhkuro/projects/numlocked/firmware_simple/ssd1306.c:122:13:ssd1306_poweroff	24	static
/home/yuhkuro/projects/numlocked/firmware_simple/ssd1306.c:126:13:ssd1306_poweron	24	static
/home/yuhkuro/projects/numlocked/firmware_simple/ssd1306.c:130:13:ssd1306_contrast	32	static
/home/yuhkuro/projects/numlocked/firmware_simple/ssd1306.c:135:13:ssd1306_invert	24	static
/home/yuhkuro/projects/numlocked/firmware_simple/ssd1306.c:139:13:ssd1306_clear	8	static
/home/yuhkuro/projects/numlocked/firmware_simple/ssd1306.c:143:6:ssd1306_clear_pixel	8	static
/home/yuhkuro/projects/numlocked/firmware_simple/ssd1306.c:149:6:ssd1306_draw_pixel	8	static
/home/yuhkuro/projects/numlocked/firmware_simple/ssd1306.c:155:6:ssd1306_draw_line	40	static
/home/yuhkuro/projects/numlocked/firmware_simple/ssd1306.c:177:6:ssd1306_clear_square	36	static
/home/yuhkuro/projects/numlocked/firmware_simple/ssd1306.c:183:6:ssd1306_draw_square	36	static
/home/yuhkuro/projects/numlocked/firmware_simple/ssd1306.c:189:6:ssd1306_draw_empty_square	32	static
/home/yuhkuro/projects/numlocked/firmware_simple/ssd1306.c:196:6:ssd1306_draw_char_with_font	32	static
/home/yuhkuro/projects/numlocked/firmware_simple/ssd1306.c:216:6:ssd1306_draw_string_with_font	40	static
/home/yuhkuro/projects/numlocked/firmware_simple/ssd1306.c:222:6:ssd1306_draw_char	24	static
/home/yuhkuro/projects/numlocked/firmware_simple/ssd1306.c:226:6:ssd1306_draw_string	48	static
/home/yuhkuro/projects/numlocked/firmware_simple/ssd1306.c:244:6:ssd1306_bmp_show_image_with_offset	16	static
/home/yuhkuro/projects/numlocked/firmware_simple/ssd1306.c:289:13:ssd1306_bmp_show_image	8	static
/home/yuhkuro/projects/numlocked/firmware_simple/ssd1306.c:293:6:ssd1306_show	56	static
/home/yuhkuro/projects/numlocked/firmware_simple/ssd1306.c:309:6:ssd1306_show_image_with_text	48	static
