/home/yuhkuro/projects/pico-sdk/src/common/pico_time/time.c:377:16:sleep_until_callback	0	static
/home/yuhkuro/projects/pico-sdk/src/common/pico_time/time.c:136:13:alarm_pool_irq_handler	48	static
/home/yuhkuro/projects/pico-sdk/src/common/pico_time/include/pico/time.h:386:6:runtime_init_default_alarm_pool	16	static
/home/yuhkuro/projects/pico-sdk/src/common/pico_time/include/pico/time.h:385:6:alarm_pool_init_default	8	static
/home/yuhkuro/projects/pico-sdk/src/common/pico_time/include/pico/time.h:396:15:alarm_pool_get_default	0	static
/home/yuhkuro/projects/pico-sdk/src/common/pico_time/include/pico/time.h:399:15:alarm_pool_create_on_timer	24	static
/home/yuhkuro/projects/pico-sdk/src/common/pico_time/include/pico/time.h:427:15:alarm_pool_create_on_timer_with_unused_hardware_alarm	24	static
/home/yuhkuro/projects/pico-sdk/src/common/pico_time/include/pico/time.h:474:6:alarm_pool_destroy	16	static
/home/yuhkuro/projects/pico-sdk/src/common/pico_time/include/pico/time.h:497:12:alarm_pool_add_alarm_at	24	static
/home/yuhkuro/projects/pico-sdk/src/common/pico_time/include/pico/time.h:516:12:alarm_pool_add_alarm_at_force_in_context	16	static
/home/yuhkuro/projects/pico-sdk/src/common/pico_time/include/pico/time.h:600:6:alarm_pool_cancel_alarm	8	static
/home/yuhkuro/projects/pico-sdk/src/common/pico_time/include/pico/time.h:456:6:alarm_pool_timer_alarm_num	0	static
/home/yuhkuro/projects/pico-sdk/src/common/pico_time/include/pico/time.h:467:6:alarm_pool_core_num	0	static
/home/yuhkuro/projects/pico-sdk/src/common/pico_time/include/pico/time.h:237:6:sleep_until	32	static
/home/yuhkuro/projects/pico-sdk/src/common/pico_time/include/pico/time.h:247:6:sleep_us	16	static
/home/yuhkuro/projects/pico-sdk/src/common/pico_time/include/pico/time.h:256:6:sleep_ms	16	static
/home/yuhkuro/projects/pico-sdk/src/common/pico_time/include/pico/time.h:291:6:best_effort_wfe_or_timeout	24	static
/home/yuhkuro/projects/pico-sdk/src/common/pico_time/include/pico/time.h:761:6:alarm_pool_add_repeating_timer_us	40	static
/home/yuhkuro/projects/pico-sdk/src/common/pico_time/include/pico/time.h:836:6:cancel_repeating_timer	12	static
/home/yuhkuro/projects/pico-sdk/src/common/pico_time/include/pico/time.h:401:21:alarm_pool_timer_for_timer_num	0	static
/home/yuhkuro/projects/pico-sdk/src/common/pico_time/include/pico/time.h:403:21:alarm_pool_get_default_timer	0	static
/home/yuhkuro/projects/pico-sdk/src/common/pico_time/include/pico/time.h:578:9:alarm_pool_remaining_alarm_time_us	24	static
/home/yuhkuro/projects/pico-sdk/src/common/pico_time/include/pico/time.h:590:9:alarm_pool_remaining_alarm_time_ms	24	static
/home/yuhkuro/projects/pico-sdk/src/common/pico_time/include/pico/time.h:695:9:remaining_alarm_time_us	24	static
/home/yuhkuro/projects/pico-sdk/src/common/pico_time/include/pico/time.h:706:9:remaining_alarm_time_ms	24	static
