/home/yuhkuro/projects/pico-sdk/src/rp2_common/pico_atomic/atomic.c:27:7:__atomic_test_and_set_c	0	static
/home/yuhkuro/projects/pico-sdk/src/rp2_common/pico_atomic/atomic.c:50:6:__atomic_is_lock_free	0	static
/home/yuhkuro/projects/pico-sdk/src/rp2_common/pico_atomic/atomic.c:63:6:__atomic_load	8	static
/home/yuhkuro/projects/pico-sdk/src/rp2_common/pico_atomic/atomic.c:71:6:__atomic_store	8	static
/home/yuhkuro/projects/pico-sdk/src/rp2_common/pico_atomic/atomic.c:82:7:__atomic_compare_exchange	24	static
/home/yuhkuro/projects/pico-sdk/src/rp2_common/pico_atomic/atomic.c:97:6:__atomic_exchange	24	static
/home/yuhkuro/projects/pico-sdk/src/rp2_common/pico_atomic/atomic.c:124:1:__atomic_load_1	0	static
/home/yuhkuro/projects/pico-sdk/src/rp2_common/pico_atomic/atomic.c:124:1:__atomic_load_2	0	static
/home/yuhkuro/projects/pico-sdk/src/rp2_common/pico_atomic/atomic.c:124:1:__atomic_load_4	0	static
/home/yuhkuro/projects/pico-sdk/src/rp2_common/pico_atomic/atomic.c:124:1:__atomic_load_8	0	static
/home/yuhkuro/projects/pico-sdk/src/rp2_common/pico_atomic/atomic.c:135:1:__atomic_store_1	0	static
/home/yuhkuro/projects/pico-sdk/src/rp2_common/pico_atomic/atomic.c:135:1:__atomic_store_2	0	static
/home/yuhkuro/projects/pico-sdk/src/rp2_common/pico_atomic/atomic.c:135:1:__atomic_store_4	0	static
/home/yuhkuro/projects/pico-sdk/src/rp2_common/pico_atomic/atomic.c:135:1:__atomic_store_8	12	static
/home/yuhkuro/projects/pico-sdk/src/rp2_common/pico_atomic/atomic.c:153:1:__atomic_compare_exchange_1	8	static
/home/yuhkuro/projects/pico-sdk/src/rp2_common/pico_atomic/atomic.c:153:1:__atomic_compare_exchange_2	8	static
/home/yuhkuro/projects/pico-sdk/src/rp2_common/pico_atomic/atomic.c:153:1:__atomic_compare_exchange_4	8	static
/home/yuhkuro/projects/pico-sdk/src/rp2_common/pico_atomic/atomic.c:153:1:__atomic_compare_exchange_8	24	static
/home/yuhkuro/projects/pico-sdk/src/rp2_common/pico_atomic/atomic.c:166:1:__atomic_exchange_1	0	static
/home/yuhkuro/projects/pico-sdk/src/rp2_common/pico_atomic/atomic.c:166:1:__atomic_exchange_2	0	static
/home/yuhkuro/projects/pico-sdk/src/rp2_common/pico_atomic/atomic.c:166:1:__atomic_exchange_4	0	static
/home/yuhkuro/projects/pico-sdk/src/rp2_common/pico_atomic/atomic.c:166:1:__atomic_exchange_8	12	static
/home/yuhkuro/projects/pico-sdk/src/rp2_common/pico_atomic/atomic.c:192:1:__atomic_fetch_add_1	0	static
/home/yuhkuro/projects/pico-sdk/src/rp2_common/pico_atomic/atomic.c:192:1:__atomic_fetch_add_2	0	static
/home/yuhkuro/projects/pico-sdk/src/rp2_common/pico_atomic/atomic.c:192:1:__atomic_fetch_add_4	0	static
/home/yuhkuro/projects/pico-sdk/src/rp2_common/pico_atomic/atomic.c:192:1:__atomic_fetch_add_8	12	static
/home/yuhkuro/projects/pico-sdk/src/rp2_common/pico_atomic/atomic.c:197:1:__atomic_fetch_sub_1	0	static
/home/yuhkuro/projects/pico-sdk/src/rp2_common/pico_atomic/atomic.c:197:1:__atomic_fetch_sub_2	0	static
/home/yuhkuro/projects/pico-sdk/src/rp2_common/pico_atomic/atomic.c:197:1:__atomic_fetch_sub_4	0	static
/home/yuhkuro/projects/pico-sdk/src/rp2_common/pico_atomic/atomic.c:197:1:__atomic_fetch_sub_8	20	static
/home/yuhkuro/projects/pico-sdk/src/rp2_common/pico_atomic/atomic.c:202:1:__atomic_fetch_and_1	0	static
/home/yuhkuro/projects/pico-sdk/src/rp2_common/pico_atomic/atomic.c:202:1:__atomic_fetch_and_2	0	static
/home/yuhkuro/projects/pico-sdk/src/rp2_common/pico_atomic/atomic.c:202:1:__atomic_fetch_and_4	0	static
/home/yuhkuro/projects/pico-sdk/src/rp2_common/pico_atomic/atomic.c:202:1:__atomic_fetch_and_8	20	static
/home/yuhkuro/projects/pico-sdk/src/rp2_common/pico_atomic/atomic.c:207:1:__atomic_fetch_or_1	0	static
/home/yuhkuro/projects/pico-sdk/src/rp2_common/pico_atomic/atomic.c:207:1:__atomic_fetch_or_2	0	static
/home/yuhkuro/projects/pico-sdk/src/rp2_common/pico_atomic/atomic.c:207:1:__atomic_fetch_or_4	0	static
/home/yuhkuro/projects/pico-sdk/src/rp2_common/pico_atomic/atomic.c:207:1:__atomic_fetch_or_8	20	static
/home/yuhkuro/projects/pico-sdk/src/rp2_common/pico_atomic/atomic.c:212:1:__atomic_fetch_xor_1	0	static
/home/yuhkuro/projects/pico-sdk/src/rp2_common/pico_atomic/atomic.c:212:1:__atomic_fetch_xor_2	0	static
/home/yuhkuro/projects/pico-sdk/src/rp2_common/pico_atomic/atomic.c:212:1:__atomic_fetch_xor_4	0	static
/home/yuhkuro/projects/pico-sdk/src/rp2_common/pico_atomic/atomic.c:212:1:__atomic_fetch_xor_8	20	static
