/home/yuhkuro/projects/pico-sdk/src/rp2_common/pico_double/double_math.c:352:15:dpow_1	64	static
/home/yuhkuro/projects/pico-sdk/src/rp2_common/pico_double/double_math.c:389:15:dpow_int2	32	static
/home/yuhkuro/projects/pico-sdk/src/rp2_common/pico_double/double_math.c:405:15:dpowint_0	24	static
/home/yuhkuro/projects/pico-sdk/src/rp2_common/pico_double/double_math.c:453:15:dpow_0	32	static
/home/yuhkuro/projects/pico-sdk/src/rp2_common/pico_double/double_math.c:95:8:__wrap_ldexp	16	static
/home/yuhkuro/projects/pico-sdk/src/rp2_common/pico_double/double_math.c:107:8:__wrap_copysign	12	static
/home/yuhkuro/projects/pico-sdk/src/rp2_common/pico_double/double_math.c:177:8:__wrap_trunc	16	static
/home/yuhkuro/projects/pico-sdk/src/rp2_common/pico_double/double_math.c:193:8:__wrap_round	20	static
/home/yuhkuro/projects/pico-sdk/src/rp2_common/pico_double/double_math.c:216:8:__wrap_floor	24	static
/home/yuhkuro/projects/pico-sdk/src/rp2_common/pico_double/double_math.c:237:8:__wrap_ceil	24	static
/home/yuhkuro/projects/pico-sdk/src/rp2_common/pico_double/double_math.c:258:8:__wrap_asin	24	static
/home/yuhkuro/projects/pico-sdk/src/rp2_common/pico_double/double_math.c:266:8:__wrap_acos	24	static
/home/yuhkuro/projects/pico-sdk/src/rp2_common/pico_double/double_math.c:274:8:__wrap_atan	8	static
/home/yuhkuro/projects/pico-sdk/src/rp2_common/pico_double/double_math.c:281:8:__wrap_sinh	24	static
/home/yuhkuro/projects/pico-sdk/src/rp2_common/pico_double/double_math.c:286:8:__wrap_cosh	24	static
/home/yuhkuro/projects/pico-sdk/src/rp2_common/pico_double/double_math.c:291:8:__wrap_tanh	24	static
/home/yuhkuro/projects/pico-sdk/src/rp2_common/pico_double/double_math.c:304:8:__wrap_asinh	24	static
/home/yuhkuro/projects/pico-sdk/src/rp2_common/pico_double/double_math.c:316:8:__wrap_acosh	24	static
/home/yuhkuro/projects/pico-sdk/src/rp2_common/pico_double/double_math.c:325:8:__wrap_atanh	24	static
/home/yuhkuro/projects/pico-sdk/src/rp2_common/pico_double/double_math.c:330:8:__wrap_exp2	16	static
/home/yuhkuro/projects/pico-sdk/src/rp2_common/pico_double/double_math.c:340:8:__wrap_log2	8	static
/home/yuhkuro/projects/pico-sdk/src/rp2_common/pico_double/double_math.c:341:8:__wrap_exp10	8	static
/home/yuhkuro/projects/pico-sdk/src/rp2_common/pico_double/double_math.c:342:8:__wrap_log10	8	static
/home/yuhkuro/projects/pico-sdk/src/rp2_common/pico_double/double_math.c:345:8:__wrap_expm1	8	static
/home/yuhkuro/projects/pico-sdk/src/rp2_common/pico_double/double_math.c:346:8:__wrap_log1p	8	static
/home/yuhkuro/projects/pico-sdk/src/rp2_common/pico_double/double_math.c:348:8:__wrap_fma	16	static
/home/yuhkuro/projects/pico-sdk/src/rp2_common/pico_double/double_math.c:423:8:__wrap_powint	16	static
/home/yuhkuro/projects/pico-sdk/src/rp2_common/pico_double/double_math.c:472:8:__wrap_pow	32	static
/home/yuhkuro/projects/pico-sdk/src/rp2_common/pico_double/double_math.c:514:8:__wrap_hypot	40	static
/home/yuhkuro/projects/pico-sdk/src/rp2_common/pico_double/double_math.c:529:8:__wrap_cbrt	24	static
/home/yuhkuro/projects/pico-sdk/src/rp2_common/pico_double/double_math.c:564:8:__wrap_fmod	64	static
/home/yuhkuro/projects/pico-sdk/src/rp2_common/pico_double/double_math.c:583:8:__wrap_remquo	72	static
/home/yuhkuro/projects/pico-sdk/src/rp2_common/pico_double/double_math.c:622:8:__wrap_drem	24	static
/home/yuhkuro/projects/pico-sdk/src/rp2_common/pico_double/double_math.c:624:8:__wrap_remainder	24	static
