Archive member included to satisfy reference by file (symbol)

/usr/lib/gcc/arm-none-eabi/13.2.1/thumb/v6-m/nofp/libgcc.a(_dvmd_tls.o)
                              CMakeFiles/numlocked.dir/home/yuhkuro/projects/pico-sdk/src/rp2_common/pico_divider/divider_hardware.S.obj (__aeabi_idiv0)
/usr/lib/gcc/arm-none-eabi/13.2.1/../../../arm-none-eabi/lib/thumb/v6-m/nofp/libg.a(libc_a-calloc.o)
                              CMakeFiles/numlocked.dir/home/yuhkuro/projects/pico-sdk/src/rp2_common/pico_malloc/malloc.c.obj (calloc)
/usr/lib/gcc/arm-none-eabi/13.2.1/../../../arm-none-eabi/lib/thumb/v6-m/nofp/libg.a(libc_a-impure.o)
                              /usr/lib/gcc/arm-none-eabi/13.2.1/../../../arm-none-eabi/lib/thumb/v6-m/nofp/libg.a(libc_a-calloc.o) (_impure_ptr)
/usr/lib/gcc/arm-none-eabi/13.2.1/../../../arm-none-eabi/lib/thumb/v6-m/nofp/libg.a(libc_a-callocr.o)
                              /usr/lib/gcc/arm-none-eabi/13.2.1/../../../arm-none-eabi/lib/thumb/v6-m/nofp/libg.a(libc_a-calloc.o) (_calloc_r)
/usr/lib/gcc/arm-none-eabi/13.2.1/../../../arm-none-eabi/lib/thumb/v6-m/nofp/libg.a(libc_a-realloc.o)
                              CMakeFiles/numlocked.dir/home/yuhkuro/projects/pico-sdk/src/rp2_common/pico_malloc/malloc.c.obj (realloc)
/usr/lib/gcc/arm-none-eabi/13.2.1/../../../arm-none-eabi/lib/thumb/v6-m/nofp/libg.a(libc_a-mallocr.o)
                              /usr/lib/gcc/arm-none-eabi/13.2.1/../../../arm-none-eabi/lib/thumb/v6-m/nofp/libg.a(libc_a-callocr.o) (_malloc_r)
/usr/lib/gcc/arm-none-eabi/13.2.1/../../../arm-none-eabi/lib/thumb/v6-m/nofp/libg.a(libc_a-freer.o)
                              /usr/lib/gcc/arm-none-eabi/13.2.1/../../../arm-none-eabi/lib/thumb/v6-m/nofp/libg.a(libc_a-mallocr.o) (_free_r)
/usr/lib/gcc/arm-none-eabi/13.2.1/../../../arm-none-eabi/lib/thumb/v6-m/nofp/libg.a(libc_a-memcmp.o)
                              CMakeFiles/numlocked.dir/home/yuhkuro/projects/pico-sdk/src/rp2_common/pico_atomic/atomic.c.obj (memcmp)
/usr/lib/gcc/arm-none-eabi/13.2.1/../../../arm-none-eabi/lib/thumb/v6-m/nofp/libg.a(libc_a-malloc.o)
                              CMakeFiles/numlocked.dir/home/yuhkuro/projects/pico-sdk/src/rp2_common/pico_malloc/malloc.c.obj (malloc)
/usr/lib/gcc/arm-none-eabi/13.2.1/../../../arm-none-eabi/lib/thumb/v6-m/nofp/libg.a(libc_a-sysconf.o)
                              /usr/lib/gcc/arm-none-eabi/13.2.1/../../../arm-none-eabi/lib/thumb/v6-m/nofp/libg.a(libc_a-mallocr.o) (sysconf)
/usr/lib/gcc/arm-none-eabi/13.2.1/../../../arm-none-eabi/lib/thumb/v6-m/nofp/libg.a(libc_a-init.o)
                              /usr/lib/gcc/arm-none-eabi/13.2.1/../../../arm-none-eabi/lib/thumb/v6-m/nofp/crt0.o (__libc_init_array)
/usr/lib/gcc/arm-none-eabi/13.2.1/../../../arm-none-eabi/lib/thumb/v6-m/nofp/libg.a(libc_a-reallocr.o)
                              /usr/lib/gcc/arm-none-eabi/13.2.1/../../../arm-none-eabi/lib/thumb/v6-m/nofp/libg.a(libc_a-realloc.o) (_realloc_r)
/usr/lib/gcc/arm-none-eabi/13.2.1/../../../arm-none-eabi/lib/thumb/v6-m/nofp/libg.a(libc_a-mktime.o)
                              CMakeFiles/numlocked.dir/home/yuhkuro/projects/pico-sdk/src/common/pico_util/datetime.c.obj (mktime)
/usr/lib/gcc/arm-none-eabi/13.2.1/../../../arm-none-eabi/lib/thumb/v6-m/nofp/libg.a(libc_a-mlock.o)
                              /usr/lib/gcc/arm-none-eabi/13.2.1/../../../arm-none-eabi/lib/thumb/v6-m/nofp/libg.a(libc_a-mallocr.o) (__malloc_lock)
/usr/lib/gcc/arm-none-eabi/13.2.1/../../../arm-none-eabi/lib/thumb/v6-m/nofp/libg.a(libc_a-findfp.o)
                              /usr/lib/gcc/arm-none-eabi/13.2.1/../../../arm-none-eabi/lib/thumb/v6-m/nofp/libg.a(libc_a-impure.o) (__sf)
/usr/lib/gcc/arm-none-eabi/13.2.1/../../../arm-none-eabi/lib/thumb/v6-m/nofp/libg.a(libc_a-tzlock.o)
                              /usr/lib/gcc/arm-none-eabi/13.2.1/../../../arm-none-eabi/lib/thumb/v6-m/nofp/libg.a(libc_a-mktime.o) (__tz_lock)
/usr/lib/gcc/arm-none-eabi/13.2.1/../../../arm-none-eabi/lib/thumb/v6-m/nofp/libg.a(libc_a-atexit.o)
                              /usr/lib/gcc/arm-none-eabi/13.2.1/../../../arm-none-eabi/lib/thumb/v6-m/nofp/crt0.o (atexit)
/usr/lib/gcc/arm-none-eabi/13.2.1/../../../arm-none-eabi/lib/thumb/v6-m/nofp/libg.a(libc_a-lcltime_r.o)
                              CMakeFiles/numlocked.dir/home/yuhkuro/projects/pico-sdk/src/common/pico_util/datetime.c.obj (localtime_r)
/usr/lib/gcc/arm-none-eabi/13.2.1/../../../arm-none-eabi/lib/thumb/v6-m/nofp/libg.a(libc_a-strlen-stub.o)
                              CMakeFiles/numlocked.dir/usb_descriptors.c.obj (strlen)
/usr/lib/gcc/arm-none-eabi/13.2.1/../../../arm-none-eabi/lib/thumb/v6-m/nofp/libg.a(libc_a-sbrkr.o)
                              /usr/lib/gcc/arm-none-eabi/13.2.1/../../../arm-none-eabi/lib/thumb/v6-m/nofp/libg.a(libc_a-mallocr.o) (_sbrk_r)
/usr/lib/gcc/arm-none-eabi/13.2.1/../../../arm-none-eabi/lib/thumb/v6-m/nofp/libg.a(libc_a-fini.o)
[...]
Memory Configuration

Name             Origin             Length             Attributes
FLASH            0x10000000         0x00200000         xr
RAM              0x20000000         0x00040000         xrw
SCRATCH_X        0x20040000         0x00001000         xrw
SCRATCH_Y        0x20041000         0x00001000         xrw
*default*        0x00000000         0xffffffff

Linker script and memory map

LOAD /usr/lib/gcc/arm-none-eabi/13.2.1/thumb/v6-m/nofp/crti.o
LOAD /usr/lib/gcc/arm-none-eabi/13.2.1/thumb/v6-m/nofp/crtbegin.o
LOAD /usr/lib/gcc/arm-none-eabi/13.2.1/../../../arm-none-eabi/lib/thumb/v6-m/nofp/crt0.o

.flash_begin    0x10000000        0x0
                0x10000000                        __flash_binary_start = .

.boot2          0x10000000      0x100
                0x10000000                        __boot2_start__ = .
 *(.boot2)
 .boot2         0x10000000      0x100 /tmp/ccvH0Cj6.o
                0x10000100                        __boot2_end__ = .
                0x00000001                        ASSERT (((__boot2_end__ - __boot2_start__) == 0x100), ERROR: Pico second stage bootloader must be 256 bytes in size)

.text           0x10000100     0x8258
                0x10000100                        __logical_binary_start = .
 *(.vectors)
 .vectors       0x10000100       0xd4 CMakeFiles/numlocked.dir/home/yuhkuro/projects/pico-sdk/src/rp2_common/pico_crt0/crt0.S.obj
                0x10000100                __vectors
                0x10000100                __VECTOR_TABLE
                0x100001c0                isr_invalid
                0x100001c0                __default_isrs_start
                0x100001c2                isr_nmi
                0x100001c4                isr_hardfault
                0x100001c6                isr_svcall
                0x100001c8                isr_pendsv
                0x100001ca                isr_systick
                0x100001cc                isr_irq30
                0x100001cc                __unhandled_user_irq
                0x100001cc                isr_irq13
                0x100001cc                isr_irq27
                0x100001cc                isr_irq31
                0x100001cc                isr_irq5
                0x100001cc                isr_irq11
                0x100001cc                isr_irq23
                0x100001cc                isr_irq18
                0x100001cc                isr_irq28
                0x100001cc                isr_irq19
                0x100001cc                isr_irq0
                0x100001cc                isr_irq6
                0x100001cc                isr_irq22
                0x100001cc                isr_irq17
                0x100001cc                isr_irq14
                0x100001cc                isr_irq2
                0x100001cc                isr_irq10
                0x100001cc                isr_irq8
                0x100001cc                isr_irq24
                0x100001cc                isr_irq1
                0x100001cc                isr_irq7
                0x100001cc                isr_irq21
                0x100001cc                isr_irq20
                0x100001cc                isr_irq15
                0x100001cc                isr_irq25
                0x100001cc                isr_irq4
                0x100001cc                isr_irq16
                0x100001cc                isr_irq29
                0x100001cc                isr_irq26
                0x100001cc                __default_isrs_end
                0x100001cc                isr_irq3
                0x100001cc                isr_irq12
                0x100001cc                isr_irq9
                0x100001d2                unhandled_user_irq_num_in_r0
 *(.binary_info_header)
 .binary_info_header
                0x100001d4       0x14 CMakeFiles/numlocked.dir/home/yuhkuro/projects/pico-sdk/src/rp2_common/pico_crt0/crt0.S.obj
                0x100001e8                        __binary_info_header_end = .
 *(.embedded_block)
                0x100001e8                        __embedded_block_end = .
 *(.reset)
 .reset         0x100001e8       0x9c CMakeFiles/numlocked.dir/home/yuhkuro/projects/pico-sdk/src/rp2_common/pico_crt0/crt0.S.obj
                0x100001e8                _entry_point
 *(.init)
 .init          0x10000284        0x4 /usr/lib/gcc/arm-none-eabi/13.2.1/thumb/v6-m/nofp/crti.o
                0x10000284                _init
 *(EXCLUDE_FILE(*libm.a: *libc.a:*lib_a-mem*.o *libgcc.a:) .text*)
 .text          0x10000288       0x98 /usr/lib/gcc/arm-none-eabi/13.2.1/thumb/v6-m/nofp/crtbegin.o
 .text.right_check_irq
                0x10000320       0x1c CMakeFiles/numlocked.dir/main.c.obj
                0x10000320                right_check_irq
 .text.numpad_check_irq
                0x1000033c       0x1c CMakeFiles/numlocked.dir/main.c.obj
                0x1000033c                numpad_check_irq
 .text.gpio_initialize
                0x10000358      0x120 CMakeFiles/numlocked.dir/main.c.obj
                0x10000358                gpio_initialize
 .text.tud_hid_report_complete_cb
                0x10000478       0x40 CMakeFiles/numlocked.dir/main.c.obj
                0x10000478                tud_hid_report_complete_cb
 .text.tud_hid_get_report_cb
                0x100004b8        0x4 CMakeFiles/numlocked.dir/main.c.obj
                0x100004b8                tud_hid_get_report_cb
 .text.tud_hid_set_report_cb
                0x100004bc        0x4 CMakeFiles/numlocked.dir/main.c.obj
                0x100004bc                tud_hid_set_report_cb
 .text.tud_mount_cb
                0x100004c0        0x4 CMakeFiles/numlocked.dir/main.c.obj
                0x100004c0                tud_mount_cb
 .text.tud_umount_cb
                0x100004c4        0x4 CMakeFiles/numlocked.dir/main.c.obj
                0x100004c4                tud_umount_cb
 .text.tud_suspend_cb
                0x100004c8        0x4 CMakeFiles/numlocked.dir/main.c.obj
                0x100004c8                tud_suspend_cb
 .text.tud_resume_cb
                0x100004cc        0x4 CMakeFiles/numlocked.dir/main.c.obj
                0x100004cc                tud_resume_cb
 .text.startup.main
                0x100004d0       0x78 CMakeFiles/numlocked.dir/main.c.obj
                0x100004d0                main
 .text.tud_descriptor_device_cb
                0x10000548        0x8 CMakeFiles/numlocked.dir/usb_descriptors.c.obj
                0x10000548                tud_descriptor_device_cb
 .text.tud_hid_descriptor_report_cb
                0x10000550        0x8 CMakeFiles/numlocked.dir/usb_descriptors.c.obj
                0x10000550                tud_hid_descriptor_report_cb
 .text.tud_descriptor_configuration_cb
                0x10000558        0x8 CMakeFiles/numlocked.dir/usb_descriptors.c.obj
                0x10000558                tud_descriptor_configuration_cb
 .text.tud_descriptor_string_cb
                0x10000560      0x13c CMakeFiles/numlocked.dir/usb_descriptors.c.obj
                0x10000560                tud_descriptor_string_cb
 .text.ssd1306_draw_char_with_font.part.0
                0x1000069c      0x160 CMakeFiles/numlocked.dir/ssd1306.c.obj
 .text.ssd1306_bmp_show_image_with_offset.part.0
                0x100007fc      0x190 CMakeFiles/numlocked.dir/ssd1306.c.obj
 .text.ssd1306_init
                0x1000098c      0x150 CMakeFiles/numlocked.dir/ssd1306.c.obj
                0x1000098c                ssd1306_init
 .text.ssd1306_poweroff
                0x10000adc       0x54 CMakeFiles/numlocked.dir/ssd1306.c.obj
                0x10000adc                ssd1306_poweroff
 .text.ssd1306_poweron
                0x10000b30       0x54 CMakeFiles/numlocked.dir/ssd1306.c.obj
                0x10000b30                ssd1306_poweron
 .text.ssd1306_clear
                0x10000b84       0x1c CMakeFiles/numlocked.dir/ssd1306.c.obj
                0x10000b84                ssd1306_clear
 .text.ssd1306_bmp_show_image
                0x10000ba0       0x1c CMakeFiles/numlocked.dir/ssd1306.c.obj
                0x10000ba0                ssd1306_bmp_show_image
 .text.ssd1306_show
                0x10000bbc       0xd8 CMakeFiles/numlocked.dir/ssd1306.c.obj
                0x10000bbc                ssd1306_show
 .text.ssd1306_show_image_with_text
                0x10000c94       0xbc CMakeFiles/numlocked.dir/ssd1306.c.obj
                0x10000c94                ssd1306_show_image_with_text
 .text.cdc_animation
                0x10000d50      0x428 CMakeFiles/numlocked.dir/oled_cdc.c.obj
                0x10000d50                cdc_animation
 .text.encoderCallBack
                0x10001178      0x110 CMakeFiles/numlocked.dir/keyboard.c.obj
                0x10001178                encoderCallBack
 .text.get_keyboard_status
                0x10001288      0x190 CMakeFiles/numlocked.dir/keyboard.c.obj
                0x10001288                get_keyboard_status
 .text.gpio_default_irq_handler
                0x10001418      0x280 CMakeFiles/numlocked.dir/home/yuhkuro/projects/pico-sdk/src/rp2_common/hardware_gpio/gpio.c.obj
 .text.gpio_set_function
                0x10001698       0x34 CMakeFiles/numlocked.dir/home/yuhkuro/projects/pico-sdk/src/rp2_common/hardware_gpio/gpio.c.obj
                0x10001698                gpio_set_function
 .text.gpio_set_pulls
                0x100016cc       0x28 CMakeFiles/numlocked.dir/home/yuhkuro/projects/pico-sdk/src/rp2_common/hardware_gpio/gpio.c.obj
                0x100016cc                gpio_set_pulls
 .text.gpio_set_irq_enabled_with_callback
                0x100016f4       0xdc CMakeFiles/numlocked.dir/home/yuhkuro/projects/pico-sdk/src/rp2_common/hardware_gpio/gpio.c.obj
                0x100016f4                gpio_set_irq_enabled_with_callback
 .text.gpio_init
                0x100017d0       0x40 CMakeFiles/numlocked.dir/home/yuhkuro/projects/pico-sdk/src/rp2_common/hardware_gpio/gpio.c.obj
                0x100017d0                gpio_init
 .text.rp2040_chip_version
                0x10001810        0xc CMakeFiles/numlocked.dir/home/yuhkuro/projects/pico-sdk/src/rp2040/pico_platform/platform.c.obj
                0x10001810                rp2040_chip_version
 .text.panic    0x1000181c       0x3c CMakeFiles/numlocked.dir/home/yuhkuro/projects/pico-sdk/src/rp2_common/pico_platform_panic/panic.c.obj
                0x1000181c                panic
 .text.hw_claim_or_assert
                0x10001858       0x50 CMakeFiles/numlocked.dir/home/yuhkuro/projects/pico-sdk/src/common/hardware_claim/claim.c.obj
                0x10001858                hw_claim_or_assert
 .text.hw_claim_unused_from_range
                0x100018a8       0xa8 CMakeFiles/numlocked.dir/home/yuhkuro/projects/pico-sdk/src/common/hardware_claim/claim.c.obj
                0x100018a8                hw_claim_unused_from_range
 .text.next_striped_spin_lock_num
                0x10001950       0x18 CMakeFiles/numlocked.dir/home/yuhkuro/projects/pico-sdk/src/rp2_common/hardware_sync/sync.c.obj
                0x10001950                next_striped_spin_lock_num
 .text.spin_lock_claim_unused
                0x10001968       0x30 CMakeFiles/numlocked.dir/home/yuhkuro/projects/pico-sdk/src/rp2_common/hardware_sync/sync.c.obj
                0x10001968                spin_lock_claim_unused
 .text.spin_locks_reset
                0x10001998       0x1c CMakeFiles/numlocked.dir/home/yuhkuro/projects/pico-sdk/src/rp2_common/hardware_sync_spin_lock/sync_spin_lock.c.obj
                0x10001998                spin_locks_reset
 .text.runtime_init_per_core_irq_priorities
                0x100019b4       0x24 CMakeFiles/numlocked.dir/home/yuhkuro/projects/pico-sdk/src/rp2_common/hardware_irq/irq.c.obj
                0x100019b4                runtime_init_per_core_irq_priorities
 .text.irq_set_enabled
                0x100019d8       0x24 CMakeFiles/numlocked.dir/home/yuhkuro/projects/pico-sdk/src/rp2_common/hardware_irq/irq.c.obj
                0x100019d8                irq_set_enabled
 .text.irq_is_enabled
                0x100019fc       0x18 CMakeFiles/numlocked.dir/home/yuhkuro/projects/pico-sdk/src/rp2_common/hardware_irq/irq.c.obj
                0x100019fc                irq_is_enabled
 .text.irq_set_exclusive_handler
                0x10001a14       0x60 CMakeFiles/numlocked.dir/home/yuhkuro/projects/pico-sdk/src/rp2_common/hardware_irq/irq.c.obj
                0x10001a14                irq_set_exclusive_handler
 .text.irq_add_shared_handler
                0x10001a74      0x200 CMakeFiles/numlocked.dir/home/yuhkuro/projects/pico-sdk/src/rp2_common/hardware_irq/irq.c.obj
                0x10001a74                irq_add_shared_handler
 .text.irq_remove_handler
                0x10001c74      0x1e0 CMakeFiles/numlocked.dir/home/yuhkuro/projects/pico-sdk/src/rp2_common/hardware_irq/irq.c.obj
                0x10001c74                irq_remove_handler
 .text.irq_add_tail_to_free_list
                0x10001e54       0xb4 CMakeFiles/numlocked.dir/home/yuhkuro/projects/pico-sdk/src/rp2_common/hardware_irq/irq.c.obj
                0x10001e54                irq_add_tail_to_free_list
 .text.lock_init
                0x10001f08       0x10 CMakeFiles/numlocked.dir/home/yuhkuro/projects/pico-sdk/src/common/pico_sync/lock_core.c.obj
                0x10001f08                lock_init
 .text.runtime_init_mutex
                0x10001f18       0x5c CMakeFiles/numlocked.dir/home/yuhkuro/projects/pico-sdk/src/common/pico_sync/mutex.c.obj
                0x10001f18                runtime_init_mutex
 .text.mutex_init
                0x10001f74       0x28 CMakeFiles/numlocked.dir/home/yuhkuro/projects/pico-sdk/src/common/pico_sync/mutex.c.obj
                0x10001f74                mutex_init
 .text.critical_section_init
                0x10001f9c       0x28 CMakeFiles/numlocked.dir/home/yuhkuro/projects/pico-sdk/src/common/pico_sync/critical_section.c.obj
                0x10001f9c                critical_section_init
 .text.sleep_until_callback
                0x10001fc4       0x30 CMakeFiles/numlocked.dir/home/yuhkuro/projects/pico-sdk/src/common/pico_time/time.c.obj
 .text.alarm_pool_irq_handler
                0x10001ff4      0x2f0 CMakeFiles/numlocked.dir/home/yuhkuro/projects/pico-sdk/src/common/pico_time/time.c.obj
 .text.runtime_init_default_alarm_pool
                0x100022e4       0xe8 CMakeFiles/numlocked.dir/home/yuhkuro/projects/pico-sdk/src/common/pico_time/time.c.obj
                0x100022e4                runtime_init_default_alarm_pool
 .text.alarm_pool_add_alarm_at_force_in_context
                0x100023cc       0xb0 CMakeFiles/numlocked.dir/home/yuhkuro/projects/pico-sdk/src/common/pico_time/time.c.obj
                0x100023cc                alarm_pool_add_alarm_at_force_in_context
 .text.alarm_pool_cancel_alarm
                0x1000247c       0x74 CMakeFiles/numlocked.dir/home/yuhkuro/projects/pico-sdk/src/common/pico_time/time.c.obj
                0x1000247c                alarm_pool_cancel_alarm
 .text.sleep_until
                0x100024f0       0xe4 CMakeFiles/numlocked.dir/home/yuhkuro/projects/pico-sdk/src/common/pico_time/time.c.obj
                0x100024f0                sleep_until
 .text.sleep_us
                0x100025d4       0x34 CMakeFiles/numlocked.dir/home/yuhkuro/projects/pico-sdk/src/common/pico_time/time.c.obj
                0x100025d4                sleep_us
 .text.sleep_ms
                0x10002608       0x44 CMakeFiles/numlocked.dir/home/yuhkuro/projects/pico-sdk/src/common/pico_time/time.c.obj
                0x10002608                sleep_ms
 .text.best_effort_wfe_or_timeout
                0x1000264c      0x140 CMakeFiles/numlocked.dir/home/yuhkuro/projects/pico-sdk/src/common/pico_time/time.c.obj
                0x1000264c                best_effort_wfe_or_timeout
 .text.timer_hardware_alarm_claim
                0x1000278c       0x20 CMakeFiles/numlocked.dir/home/yuhkuro/projects/pico-sdk/src/rp2_common/hardware_timer/timer.c.obj
                0x1000278c                timer_hardware_alarm_claim
 .text.timer_time_us_64
                0x100027ac       0x10 CMakeFiles/numlocked.dir/home/yuhkuro/projects/pico-sdk/src/rp2_common/hardware_timer/timer.c.obj
                0x100027ac                timer_time_us_64
 .text.time_us_64
                0x100027bc       0x14 CMakeFiles/numlocked.dir/home/yuhkuro/projects/pico-sdk/src/rp2_common/hardware_timer/timer.c.obj
                0x100027bc                time_us_64
 .text.busy_wait_us
                0x100027d0       0x68 CMakeFiles/numlocked.dir/home/yuhkuro/projects/pico-sdk/src/rp2_common/hardware_timer/timer.c.obj
                0x100027d0                busy_wait_us
 .text.busy_wait_until
                0x10002838       0x20 CMakeFiles/numlocked.dir/home/yuhkuro/projects/pico-sdk/src/rp2_common/hardware_timer/timer.c.obj
                0x10002838                busy_wait_until
 .text.uart_init
                0x10002858      0x12c CMakeFiles/numlocked.dir/home/yuhkuro/projects/pico-sdk/src/rp2_common/hardware_uart/uart.c.obj
                0x10002858                uart_init
 .text.clock_configure_int_divider
                0x10002984      0x100 CMakeFiles/numlocked.dir/home/yuhkuro/projects/pico-sdk/src/rp2_common/hardware_clocks/clocks.c.obj
                0x10002984                clock_configure_int_divider
 .text.clock_configure_undivided
                0x10002a84       0xf4 CMakeFiles/numlocked.dir/home/yuhkuro/projects/pico-sdk/src/rp2_common/hardware_clocks/clocks.c.obj
                0x10002a84                clock_configure_undivided
 .text.clock_get_hz
                0x10002b78        0xc CMakeFiles/numlocked.dir/home/yuhkuro/projects/pico-sdk/src/rp2_common/hardware_clocks/clocks.c.obj
                0x10002b78                clock_get_hz
 .text.pll_init
                0x10002b84       0xb0 CMakeFiles/numlocked.dir/home/yuhkuro/projects/pico-sdk/src/rp2_common/hardware_pll/pll.c.obj
                0x10002b84                pll_init
 .text.tick_start
                0x10002c34       0x10 CMakeFiles/numlocked.dir/home/yuhkuro/projects/pico-sdk/src/rp2_common/hardware_ticks/ticks.c.obj
                0x10002c34                tick_start
 .text.xosc_init
                0x10002c44       0x28 CMakeFiles/numlocked.dir/home/yuhkuro/projects/pico-sdk/src/rp2_common/hardware_xosc/xosc.c.obj
                0x10002c44                xosc_init
 .text.first_per_core_initializer
                0x10002c6c        0x4 CMakeFiles/numlocked.dir/home/yuhkuro/projects/pico-sdk/src/rp2_common/pico_runtime/runtime.c.obj
 .text.hard_assertion_failure
                0x10002c70       0x18 CMakeFiles/numlocked.dir/home/yuhkuro/projects/pico-sdk/src/rp2_common/pico_runtime/runtime.c.obj
                0x10002c70                hard_assertion_failure
 .text.runtime_run_initializers
                0x10002c88       0x34 CMakeFiles/numlocked.dir/home/yuhkuro/projects/pico-sdk/src/rp2_common/pico_runtime/runtime.c.obj
                0x10002c88                runtime_run_initializers
 .text.runtime_run_per_core_initializers
                0x10002cbc       0x34 CMakeFiles/numlocked.dir/home/yuhkuro/projects/pico-sdk/src/rp2_common/pico_runtime/runtime.c.obj
                0x10002cbc                runtime_run_per_core_initializers
 .text.runtime_init_early_resets
                0x10002cf0       0x2c CMakeFiles/numlocked.dir/home/yuhkuro/projects/pico-sdk/src/rp2_common/pico_runtime_init/runtime_init.c.obj
                0x10002cf0                runtime_init_early_resets
 .text.runtime_init_usb_power_down
                0x10002d1c       0x1c CMakeFiles/numlocked.dir/home/yuhkuro/projects/pico-sdk/src/rp2_common/pico_runtime_init/runtime_init.c.obj
                0x10002d1c                runtime_init_usb_power_down
 .text.runtime_init_post_clock_resets
                0x10002d38       0x20 CMakeFiles/numlocked.dir/home/yuhkuro/projects/pico-sdk/src/rp2_common/pico_runtime_init/runtime_init.c.obj
                0x10002d38                runtime_init_post_clock_resets
 .text.runtime_init_rp2040_gpio_ie_disable
                0x10002d58       0x14 CMakeFiles/numlocked.dir/home/yuhkuro/projects/pico-sdk/src/rp2_common/pico_runtime_init/runtime_init.c.obj
                0x10002d58                runtime_init_rp2040_gpio_ie_disable
 .text.runtime_init_spin_locks_reset
                0x10002d6c       0x14 CMakeFiles/numlocked.dir/home/yuhkuro/projects/pico-sdk/src/rp2_common/pico_runtime_init/runtime_init.c.obj
                0x10002d6c                runtime_init_spin_locks_reset
 .text.runtime_init_install_ram_vector_table
                0x10002d80       0x28 CMakeFiles/numlocked.dir/home/yuhkuro/projects/pico-sdk/src/rp2_common/pico_runtime_init/runtime_init.c.obj
                0x10002d80                runtime_init_install_ram_vector_table
 .text.runtime_init_clocks
                0x10002da8       0xe4 CMakeFiles/numlocked.dir/home/yuhkuro/projects/pico-sdk/src/rp2_common/pico_runtime_init/runtime_init_clocks.c.obj
                0x10002da8                runtime_init_clocks
 .text          0x10002e8c       0x10 CMakeFiles/numlocked.dir/home/yuhkuro/projects/pico-sdk/src/rp2_common/pico_bit_ops/bit_ops_aeabi.S.obj
 .text.rom_func_lookup
                0x10002e9c       0x1c CMakeFiles/numlocked.dir/home/yuhkuro/projects/pico-sdk/src/rp2_common/pico_bootrom/bootrom.c.obj
                0x10002e9c                rom_func_lookup
 .text.rom_data_lookup
                0x10002eb8       0x1c CMakeFiles/numlocked.dir/home/yuhkuro/projects/pico-sdk/src/rp2_common/pico_bootrom/bootrom.c.obj
                0x10002eb8                rom_data_lookup
 .text.rom_funcs_lookup
                0x10002ed4       0x54 CMakeFiles/numlocked.dir/home/yuhkuro/projects/pico-sdk/src/rp2_common/pico_bootrom/bootrom.c.obj
                0x10002ed4                rom_funcs_lookup
 .text.__wrap___aeabi_idiv
                0x10002f28       0x50 CMakeFiles/numlocked.dir/home/yuhkuro/projects/pico-sdk/src/rp2_common/pico_divider/divider_hardware.S.obj
                0x10002f28                __wrap___aeabi_idivmod
                0x10002f28                divmod_s32s32
                0x10002f28                div_s32s32
                0x10002f28                __wrap___aeabi_idiv
                0x10002f30                divmod_s32s32_unsafe
                0x10002f5c                divmod_s32s32_savestate
 .text.__wrap___aeabi_uidiv
                0x10002f78       0x4c CMakeFiles/numlocked.dir/home/yuhkuro/projects/pico-sdk/src/rp2_common/pico_divider/divider_hardware.S.obj
                0x10002f78                __wrap___aeabi_uidiv
                0x10002f78                __wrap___aeabi_uidivmod
                0x10002f78                div_u32u32
                0x10002f78                divmod_u32u32
                0x10002f80                divmod_u32u32_unsafe
                0x10002fa8                divmod_u32u32_savestate
 .text.__wrap___aeabi_ldiv
                0x10002fc4      0x424 CMakeFiles/numlocked.dir/home/yuhkuro/projects/pico-sdk/src/rp2_common/pico_divider/divider_hardware.S.obj
                0x10002fc4                div_s64s64
                0x10002fc4                divmod_s64s64
                0x10002fc4                __wrap___aeabi_ldivmod
                0x10002ff4                div_u64u64
                0x10002ff4                divmod_u64u64
                0x10002ff4                __wrap___aeabi_uldivmod
                0x10003004                divmod_u64u64_savestate
                0x10003024                divmod_s64s64_unsafe
                0x100030ac                divmod_u64u64_unsafe
 .text.__wrap___aeabi_darithmetic
                0x100033e8       0x80 CMakeFiles/numlocked.dir/home/yuhkuro/projects/pico-sdk/src/rp2_common/pico_double/double_aeabi_rp2040.S.obj
                0x100033e8                __wrap___aeabi_drsub
                0x100033ee                __wrap___aeabi_dsub
                0x10003400                __wrap___aeabi_dadd
                0x10003412                __wrap___aeabi_ddiv
                0x1000344e                __wrap___aeabi_dmul
 .text.__wrap___aeabi_cdcmple
                0x10003468       0x6c CMakeFiles/numlocked.dir/home/yuhkuro/projects/pico-sdk/src/rp2_common/pico_double/double_aeabi_rp2040.S.obj
                0x10003468                __wrap___aeabi_cdrcmple
                0x10003478                __wrap___aeabi_cdcmple
                0x10003478                __wrap___aeabi_cdcmpeq
 .text.__wrap___aeabi_dcmplt
                0x100034d4        0xc CMakeFiles/numlocked.dir/home/yuhkuro/projects/pico-sdk/src/rp2_common/pico_double/double_aeabi_rp2040.S.obj
                0x100034d4                __wrap___aeabi_dcmplt
 .text.__wrap___aeabi_dcmpge
                0x100034e0       0x10 CMakeFiles/numlocked.dir/home/yuhkuro/projects/pico-sdk/src/rp2_common/pico_double/double_aeabi_rp2040.S.obj
                0x100034e0                __wrap___aeabi_dcmpge
 .text.__wrap___aeabi_dcmpgt
                0x100034f0        0xa CMakeFiles/numlocked.dir/home/yuhkuro/projects/pico-sdk/src/rp2_common/pico_double/double_aeabi_rp2040.S.obj
                0x100034f0                __wrap___aeabi_dcmpgt
 .text.__wrap___aeabi_dcmpun
                0x100034fa       0x18 CMakeFiles/numlocked.dir/home/yuhkuro/projects/pico-sdk/src/rp2_common/pico_double/double_aeabi_rp2040.S.obj
                0x100034fa                __wrap___aeabi_dcmpun
 *fill*         0x10003512        0x2 
 .text.__wrap___aeabi_i2d
                0x10003514       0x38 CMakeFiles/numlocked.dir/home/yuhkuro/projects/pico-sdk/src/rp2_common/pico_double/double_aeabi_rp2040.S.obj
                0x10003514                __wrap___aeabi_ui2d
                0x1000351c                __wrap___aeabi_i2d
 .text.__wrap___aeabi_d2iz
                0x1000354c       0x48 CMakeFiles/numlocked.dir/home/yuhkuro/projects/pico-sdk/src/rp2_common/pico_double/double_aeabi_rp2040.S.obj
                0x1000354c                __wrap___aeabi_d2iz
                0x1000354c                double2int_z
 .text.__wrap___aeabi_d2uiz
                0x10003594       0x18 CMakeFiles/numlocked.dir/home/yuhkuro/projects/pico-sdk/src/rp2_common/pico_double/double_aeabi_rp2040.S.obj
                0x10003594                double2uint
                0x10003594                __wrap___aeabi_d2uiz
 .text.__aeabi_double_init
                0x100035ac       0xb0 CMakeFiles/numlocked.dir/home/yuhkuro/projects/pico-sdk/src/rp2_common/pico_double/double_init_rom_rp2040.c.obj
                0x100035ac                __aeabi_double_init
 .text.double_table_shim_on_use_helper
                0x1000365c       0x2c CMakeFiles/numlocked.dir/home/yuhkuro/projects/pico-sdk/src/rp2_common/pico_double/double_v1_rom_shim_rp2040.S.obj
                0x1000365c                double_table_shim_on_use_helper
 .text.__wrap___aeabi_dsub
                0x10003688       0x10 CMakeFiles/numlocked.dir/home/yuhkuro/projects/pico-sdk/src/rp2_common/pico_double/double_v1_rom_shim_rp2040.S.obj
                0x10003688                drsub_shim
                0x1000368e                dsub_shim
 .text.dadd_shim
                0x10003698      0x15c CMakeFiles/numlocked.dir/home/yuhkuro/projects/pico-sdk/src/rp2_common/pico_double/double_v1_rom_shim_rp2040.S.obj
                0x10003698                dadd_shim
 .text.dmul_shim
                0x100037f4      0x15c CMakeFiles/numlocked.dir/home/yuhkuro/projects/pico-sdk/src/rp2_common/pico_double/double_v1_rom_shim_rp2040.S.obj
                0x100037f4                dmul_shim
 .text.ddiv_shim
                0x10003950      0x1b0 CMakeFiles/numlocked.dir/home/yuhkuro/projects/pico-sdk/src/rp2_common/pico_double/double_v1_rom_shim_rp2040.S.obj
                0x10003950                ddiv_shim
 .text.double2uint_shim
                0x10003b00        0xe CMakeFiles/numlocked.dir/home/yuhkuro/projects/pico-sdk/src/rp2_common/pico_double/double_v1_rom_shim_rp2040.S.obj
                0x10003b00                double2uint_shim
                0x10003b02                double2ufix_shim
 *fill*         0x10003b0e        0x2 
 .text.double2uint64_shim
                0x10003b10       0x70 CMakeFiles/numlocked.dir/home/yuhkuro/projects/pico-sdk/src/rp2_common/pico_double/double_v1_rom_shim_rp2040.S.obj
                0x10003b10                double2uint64_shim
                0x10003b12                double2ufix64_shim
                0x10003b32                d2fix_a
 .text.dunpacks
                0x10003b80       0x3c CMakeFiles/numlocked.dir/home/yuhkuro/projects/pico-sdk/src/rp2_common/pico_double/double_v1_rom_shim_rp2040.S.obj
                0x10003b80                dunpacks
 .text.__aeabi_lmul
                0x10003bbc       0x32 CMakeFiles/numlocked.dir/home/yuhkuro/projects/pico-sdk/src/rp2_common/pico_int64_ops/pico_int64_ops_aeabi.S.obj
                0x10003bbc                __wrap___aeabi_lmul
 *fill*         0x10003bee        0x2 
 .text.__wrap___aeabi_farithmetic
                0x10003bf0       0x48 CMakeFiles/numlocked.dir/home/yuhkuro/projects/pico-sdk/src/rp2_common/pico_float/float_aeabi_rp2040.S.obj
                0x10003bf0                __wrap___aeabi_frsub
                0x10003bf6                __wrap___aeabi_fsub
                0x10003bfc                __wrap___aeabi_fadd
                0x10003c02                __wrap___aeabi_fdiv
                0x10003c2a                __wrap___aeabi_fmul
 .text.__wrap___aeabi_ui2f
                0x10003c38        0xa CMakeFiles/numlocked.dir/home/yuhkuro/projects/pico-sdk/src/rp2_common/pico_float/float_aeabi_rp2040.S.obj
                0x10003c38                uint2float
                0x10003c38                __wrap___aeabi_ui2f
 *fill*         0x10003c42        0x2 
 .text.__wrap___aeabi_i2f
                0x10003c44       0x44 CMakeFiles/numlocked.dir/home/yuhkuro/projects/pico-sdk/src/rp2_common/pico_float/float_aeabi_rp2040.S.obj
                0x10003c44                int2float
                0x10003c44                __wrap___aeabi_i2f
 .text.__wrap___aeabi_f2uiz
                0x10003c88        0xc CMakeFiles/numlocked.dir/home/yuhkuro/projects/pico-sdk/src/rp2_common/pico_float/float_aeabi_rp2040.S.obj
                0x10003c88                float2uint_z
                0x10003c88                __wrap___aeabi_f2uiz
 .text.__aeabi_float_init
                0x10003c94       0x70 CMakeFiles/numlocked.dir/home/yuhkuro/projects/pico-sdk/src/rp2_common/pico_float/float_init_rom_rp2040.c.obj
                0x10003c94                __aeabi_float_init
 .text.float_table_shim_on_use_helper
                0x10003d04       0x2c CMakeFiles/numlocked.dir/home/yuhkuro/projects/pico-sdk/src/rp2_common/pico_float/float_v1_rom_shim_rp2040.S.obj
                0x10003d04                float_table_shim_on_use_helper
 .text.__wrap_malloc
                0x10003d30       0x48 CMakeFiles/numlocked.dir/home/yuhkuro/projects/pico-sdk/src/rp2_common/pico_malloc/malloc.c.obj
                0x10003d30                __wrap_malloc
 .text          0x10003d78       0x10 CMakeFiles/numlocked.dir/home/yuhkuro/projects/pico-sdk/src/rp2_common/pico_mem_ops/mem_ops_aeabi.S.obj
                0x10003d78                __aeabi_mem_init
 .text.memset   0x10003d88        0xc CMakeFiles/numlocked.dir/home/yuhkuro/projects/pico-sdk/src/rp2_common/pico_mem_ops/mem_ops_aeabi.S.obj
                0x10003d88                __wrap_memset
 .text.memcpy   0x10003d94        0xc CMakeFiles/numlocked.dir/home/yuhkuro/projects/pico-sdk/src/rp2_common/pico_mem_ops/mem_ops_aeabi.S.obj
                0x10003d94                __wrap___aeabi_memcpy
                0x10003d94                __wrap_memcpy
 .text._out_buffer
                0x10003da0        0x8 CMakeFiles/numlocked.dir/home/yuhkuro/projects/pico-sdk/src/rp2_common/pico_printf/printf.c.obj
 .text._out_null
                0x10003da8        0x4 CMakeFiles/numlocked.dir/home/yuhkuro/projects/pico-sdk/src/rp2_common/pico_printf/printf.c.obj
 .text._out_rev
                0x10003dac       0xb8 CMakeFiles/numlocked.dir/home/yuhkuro/projects/pico-sdk/src/rp2_common/pico_printf/printf.c.obj
 .text._ntoa_format
                0x10003e64      0x25c CMakeFiles/numlocked.dir/home/yuhkuro/projects/pico-sdk/src/rp2_common/pico_printf/printf.c.obj
 .text._out_char
                0x100040c0       0x1c CMakeFiles/numlocked.dir/home/yuhkuro/projects/pico-sdk/src/rp2_common/pico_printf/printf.c.obj
 .text._out_fct
                0x100040dc       0x1c CMakeFiles/numlocked.dir/home/yuhkuro/projects/pico-sdk/src/rp2_common/pico_printf/printf.c.obj
 .text._etoa    0x100040f8      0x46c CMakeFiles/numlocked.dir/home/yuhkuro/projects/pico-sdk/src/rp2_common/pico_printf/printf.c.obj
 .text._ftoa    0x10004564      0x3cc CMakeFiles/numlocked.dir/home/yuhkuro/projects/pico-sdk/src/rp2_common/pico_printf/printf.c.obj
 .text._vsnprintf
                0x10004930      0xbd4 CMakeFiles/numlocked.dir/home/yuhkuro/projects/pico-sdk/src/rp2_common/pico_printf/printf.c.obj
 .text.__wrap_sprintf
                0x10005504       0x38 CMakeFiles/numlocked.dir/home/yuhkuro/projects/pico-sdk/src/rp2_common/pico_printf/printf.c.obj
                0x10005504                __wrap_sprintf
 .text.__wrap_snprintf
                0x1000553c       0x34 CMakeFiles/numlocked.dir/home/yuhkuro/projects/pico-sdk/src/rp2_common/pico_printf/printf.c.obj
                0x1000553c                __wrap_snprintf
 .text.vfctprintf
                0x10005570       0x2c CMakeFiles/numlocked.dir/home/yuhkuro/projects/pico-sdk/src/rp2_common/pico_printf/printf.c.obj
                0x10005570                vfctprintf
 .text.weak_raw_vprintf
                0x1000559c       0x40 CMakeFiles/numlocked.dir/home/yuhkuro/projects/pico-sdk/src/rp2_common/pico_printf/printf.c.obj
                0x1000559c                weak_raw_vprintf
 .text._exit    0x100055dc        0x4 CMakeFiles/numlocked.dir/home/yuhkuro/projects/pico-sdk/src/rp2_common/pico_clib_interface/newlib_interface.c.obj
                0x100055dc                _exit
 .text._sbrk    0x100055e0       0x34 CMakeFiles/numlocked.dir/home/yuhkuro/projects/pico-sdk/src/rp2_common/pico_clib_interface/newlib_interface.c.obj
                0x100055e0                _sbrk
 .text.exit     0x10005614       0x14 CMakeFiles/numlocked.dir/home/yuhkuro/projects/pico-sdk/src/rp2_common/pico_clib_interface/newlib_interface.c.obj
                0x10005614                exit
 .text.runtime_init
                0x10005628       0x38 CMakeFiles/numlocked.dir/home/yuhkuro/projects/pico-sdk/src/rp2_common/pico_clib_interface/newlib_interface.c.obj
                0x10005628                runtime_init
 .text.stdio_out_chars_no_crlf
                0x10005660       0x1c CMakeFiles/numlocked.dir/home/yuhkuro/projects/pico-sdk/src/rp2_common/pico_stdio/stdio.c.obj
 .text.stdio_out_chars_crlf
                0x1000567c       0xa0 CMakeFiles/numlocked.dir/home/yuhkuro/projects/pico-sdk/src/rp2_common/pico_stdio/stdio.c.obj
 .text.stdio_buffered_printer
                0x1000571c       0x70 CMakeFiles/numlocked.dir/home/yuhkuro/projects/pico-sdk/src/rp2_common/pico_stdio/stdio.c.obj
 .text.stdio_put_string
                0x1000578c      0x10c CMakeFiles/numlocked.dir/home/yuhkuro/projects/pico-sdk/src/rp2_common/pico_stdio/stdio.c.obj
                0x1000578c                stdio_put_string
 .text.stdio_set_driver_enabled
                0x10005898       0x30 CMakeFiles/numlocked.dir/home/yuhkuro/projects/pico-sdk/src/rp2_common/pico_stdio/stdio.c.obj
                0x10005898                stdio_set_driver_enabled
 .text.__wrap_putchar
                0x100058c8       0xa4 CMakeFiles/numlocked.dir/home/yuhkuro/projects/pico-sdk/src/rp2_common/pico_stdio/stdio.c.obj
                0x100058c8                stdio_putchar
                0x100058c8                __wrap_putchar
 .text.__wrap_puts
                0x1000596c       0x48 CMakeFiles/numlocked.dir/home/yuhkuro/projects/pico-sdk/src/rp2_common/pico_stdio/stdio.c.obj
                0x1000596c                __wrap_puts
                0x1000596c                stdio_puts
 .text.__wrap_vprintf
                0x100059b4       0xe0 CMakeFiles/numlocked.dir/home/yuhkuro/projects/pico-sdk/src/rp2_common/pico_stdio/stdio.c.obj
                0x100059b4                __wrap_vprintf
                0x100059b4                stdio_vprintf
 .text.__wrap_printf
                0x10005a94       0x24 CMakeFiles/numlocked.dir/home/yuhkuro/projects/pico-sdk/src/rp2_common/pico_stdio/stdio.c.obj
                0x10005a94                stdio_printf
                0x10005a94                __wrap_printf
 .text.stdio_uart_out_chars
                0x10005ab8       0x4c CMakeFiles/numlocked.dir/home/yuhkuro/projects/pico-sdk/src/rp2_common/pico_stdio_uart/stdio_uart.c.obj
 .text.stdio_uart_in_chars
                0x10005b04       0x90 CMakeFiles/numlocked.dir/home/yuhkuro/projects/pico-sdk/src/rp2_common/pico_stdio_uart/stdio_uart.c.obj
                0x10005b04                stdio_uart_in_chars
 .text.on_uart_rx
                0x10005b94       0x30 CMakeFiles/numlocked.dir/home/yuhkuro/projects/pico-sdk/src/rp2_common/pico_stdio_uart/stdio_uart.c.obj
 .text.stdio_uart_out_flush
                0x10005bc4       0x10 CMakeFiles/numlocked.dir/home/yuhkuro/projects/pico-sdk/src/rp2_common/pico_stdio_uart/stdio_uart.c.obj
 .text.stdio_uart_set_chars_available_callback
                0x10005bd4       0x98 CMakeFiles/numlocked.dir/home/yuhkuro/projects/pico-sdk/src/rp2_common/pico_stdio_uart/stdio_uart.c.obj
 .text.stdio_uart_init_full
                0x10005c6c       0x48 CMakeFiles/numlocked.dir/home/yuhkuro/projects/pico-sdk/src/rp2_common/pico_stdio_uart/stdio_uart.c.obj
                0x10005c6c                stdio_uart_init_full
 .text.startup._retrieve_unique_id_on_boot
                0x10005cb4       0x1c CMakeFiles/numlocked.dir/home/yuhkuro/projects/pico-sdk/src/rp2_common/pico_unique_id/unique_id.c.obj
 .text.pico_get_unique_board_id
                0x10005cd0       0x1c CMakeFiles/numlocked.dir/home/yuhkuro/projects/pico-sdk/src/rp2_common/pico_unique_id/unique_id.c.obj
                0x10005cd0                pico_get_unique_board_id
 .text.flash_get_unique_id
                0x10005cec       0x48 CMakeFiles/numlocked.dir/home/yuhkuro/projects/pico-sdk/src/rp2_common/hardware_flash/flash.c.obj
                0x10005cec                flash_get_unique_id
 .text.core1_trampoline
                0x10005d34        0x4 CMakeFiles/numlocked.dir/home/yuhkuro/projects/pico-sdk/src/rp2_common/pico_multicore/multicore.c.obj
 .text.core1_wrapper
                0x10005d38       0x18 CMakeFiles/numlocked.dir/home/yuhkuro/projects/pico-sdk/src/rp2_common/pico_multicore/multicore.c.obj
                0x10005d38                core1_wrapper
 .text.multicore_fifo_pop_blocking
                0x10005d50       0x1c CMakeFiles/numlocked.dir/home/yuhkuro/projects/pico-sdk/src/rp2_common/pico_multicore/multicore.c.obj
                0x10005d50                multicore_fifo_pop_blocking
 .text.multicore_launch_core1_raw
                0x10005d6c       0x90 CMakeFiles/numlocked.dir/home/yuhkuro/projects/pico-sdk/src/rp2_common/pico_multicore/multicore.c.obj
                0x10005d6c                multicore_launch_core1_raw
 .text.multicore_launch_core1
                0x10005dfc       0x64 CMakeFiles/numlocked.dir/home/yuhkuro/projects/pico-sdk/src/rp2_common/pico_multicore/multicore.c.obj
                0x10005dfc                multicore_launch_core1
 .text.dcd_init
                0x10005e60       0xa4 CMakeFiles/numlocked.dir/home/yuhkuro/projects/pico-sdk/lib/tinyusb/src/portable/raspberrypi/rp2040/dcd_rp2040.c.obj
                0x10005e60                dcd_init
 .text.dcd_int_enable
                0x10005f04       0x18 CMakeFiles/numlocked.dir/home/yuhkuro/projects/pico-sdk/lib/tinyusb/src/portable/raspberrypi/rp2040/dcd_rp2040.c.obj
                0x10005f04                dcd_int_enable
 .text.dcd_set_address
                0x10005f1c       0x1c CMakeFiles/numlocked.dir/home/yuhkuro/projects/pico-sdk/lib/tinyusb/src/portable/raspberrypi/rp2040/dcd_rp2040.c.obj
                0x10005f1c                dcd_set_address
 .text.dcd_remote_wakeup
                0x10005f38       0x18 CMakeFiles/numlocked.dir/home/yuhkuro/projects/pico-sdk/lib/tinyusb/src/portable/raspberrypi/rp2040/dcd_rp2040.c.obj
                0x10005f38                dcd_remote_wakeup
 .text.dcd_sof_enable
                0x10005f50       0x1c CMakeFiles/numlocked.dir/home/yuhkuro/projects/pico-sdk/lib/tinyusb/src/portable/raspberrypi/rp2040/dcd_rp2040.c.obj
                0x10005f50                dcd_sof_enable
 .text.dcd_edpt0_status_complete
                0x10005f6c       0x1c CMakeFiles/numlocked.dir/home/yuhkuro/projects/pico-sdk/lib/tinyusb/src/portable/raspberrypi/rp2040/dcd_rp2040.c.obj
                0x10005f6c                dcd_edpt0_status_complete
 .text.dcd_edpt_open
                0x10005f88      0x11c CMakeFiles/numlocked.dir/home/yuhkuro/projects/pico-sdk/lib/tinyusb/src/portable/raspberrypi/rp2040/dcd_rp2040.c.obj
                0x10005f88                dcd_edpt_open
 .text.dcd_edpt_close_all
                0x100060a4       0x14 CMakeFiles/numlocked.dir/home/yuhkuro/projects/pico-sdk/lib/tinyusb/src/portable/raspberrypi/rp2040/dcd_rp2040.c.obj
                0x100060a4                dcd_edpt_close_all
 .text.dcd_edpt_xfer
                0x100060b8       0x30 CMakeFiles/numlocked.dir/home/yuhkuro/projects/pico-sdk/lib/tinyusb/src/portable/raspberrypi/rp2040/dcd_rp2040.c.obj
                0x100060b8                dcd_edpt_xfer
 .text.dcd_edpt_stall
                0x100060e8       0x40 CMakeFiles/numlocked.dir/home/yuhkuro/projects/pico-sdk/lib/tinyusb/src/portable/raspberrypi/rp2040/dcd_rp2040.c.obj
                0x100060e8                dcd_edpt_stall
 .text.dcd_edpt_clear_stall
                0x10006128       0x3c CMakeFiles/numlocked.dir/home/yuhkuro/projects/pico-sdk/lib/tinyusb/src/portable/raspberrypi/rp2040/dcd_rp2040.c.obj
                0x10006128                dcd_edpt_clear_stall
 .text.rp2040_usb_init
                0x10006164       0x4c CMakeFiles/numlocked.dir/home/yuhkuro/projects/pico-sdk/lib/tinyusb/src/portable/raspberrypi/rp2040/rp2040_usb.c.obj
                0x10006164                rp2040_usb_init
 .text.hw_endpoint_xfer_start
                0x100061b0       0x4c CMakeFiles/numlocked.dir/home/yuhkuro/projects/pico-sdk/lib/tinyusb/src/portable/raspberrypi/rp2040/rp2040_usb.c.obj
                0x100061b0                hw_endpoint_xfer_start
 .text.tud_vendor_control_xfer_cb
                0x100061fc        0x4 CMakeFiles/numlocked.dir/home/yuhkuro/projects/pico-sdk/lib/tinyusb/src/device/usbd.c.obj
                0x100061fc                tud_vendor_control_xfer_cb
 .text.tud_event_hook_cb
                0x10006200        0x4 CMakeFiles/numlocked.dir/home/yuhkuro/projects/pico-sdk/lib/tinyusb/src/device/usbd.c.obj
                0x10006200                tud_event_hook_cb
 .text.tud_sof_cb
                0x10006204        0x4 CMakeFiles/numlocked.dir/home/yuhkuro/projects/pico-sdk/lib/tinyusb/src/device/usbd.c.obj
                0x10006204                tud_sof_cb
 .text.tud_descriptor_bos_cb
                0x10006208        0x4 CMakeFiles/numlocked.dir/home/yuhkuro/projects/pico-sdk/lib/tinyusb/src/device/usbd.c.obj
                0x10006208                tud_descriptor_bos_cb
 .text.tud_descriptor_device_qualifier_cb
                0x1000620c        0x4 CMakeFiles/numlocked.dir/home/yuhkuro/projects/pico-sdk/lib/tinyusb/src/device/usbd.c.obj
                0x1000620c                tud_descriptor_device_qualifier_cb
 .text.tud_descriptor_other_speed_configuration_cb
                0x10006210        0x4 CMakeFiles/numlocked.dir/home/yuhkuro/projects/pico-sdk/lib/tinyusb/src/device/usbd.c.obj
                0x10006210                tud_descriptor_other_speed_configuration_cb
 .text.tud_mounted
                0x10006214       0x10 CMakeFiles/numlocked.dir/home/yuhkuro/projects/pico-sdk/lib/tinyusb/src/device/usbd.c.obj
                0x10006214                tud_mounted
 .text.tud_suspended
                0x10006224       0x10 CMakeFiles/numlocked.dir/home/yuhkuro/projects/pico-sdk/lib/tinyusb/src/device/usbd.c.obj
                0x10006224                tud_suspended
 .text.tud_remote_wakeup
                0x10006234       0x3c CMakeFiles/numlocked.dir/home/yuhkuro/projects/pico-sdk/lib/tinyusb/src/device/usbd.c.obj
                0x10006234                tud_remote_wakeup
 .text.tud_init
                0x10006270       0xe8 CMakeFiles/numlocked.dir/home/yuhkuro/projects/pico-sdk/lib/tinyusb/src/device/usbd.c.obj
                0x10006270                tud_init
 .text.tud_task_ext
                0x10006358      0x7cc CMakeFiles/numlocked.dir/home/yuhkuro/projects/pico-sdk/lib/tinyusb/src/device/usbd.c.obj
                0x10006358                tud_task_ext
 .text.usbd_open_edpt_pair
                0x10006b24       0xa8 CMakeFiles/numlocked.dir/home/yuhkuro/projects/pico-sdk/lib/tinyusb/src/device/usbd.c.obj
                0x10006b24                usbd_open_edpt_pair
 .text.usbd_edpt_claim
                0x10006bcc       0x34 CMakeFiles/numlocked.dir/home/yuhkuro/projects/pico-sdk/lib/tinyusb/src/device/usbd.c.obj
                0x10006bcc                usbd_edpt_claim
 .text.usbd_edpt_xfer
                0x10006c00       0x58 CMakeFiles/numlocked.dir/home/yuhkuro/projects/pico-sdk/lib/tinyusb/src/device/usbd.c.obj
                0x10006c00                usbd_edpt_xfer
 .text.usbd_edpt_busy
                0x10006c58       0x1c CMakeFiles/numlocked.dir/home/yuhkuro/projects/pico-sdk/lib/tinyusb/src/device/usbd.c.obj
                0x10006c58                usbd_edpt_busy
 .text.tud_control_status
                0x10006c74       0x38 CMakeFiles/numlocked.dir/home/yuhkuro/projects/pico-sdk/lib/tinyusb/src/device/usbd_control.c.obj
                0x10006c74                tud_control_status
 .text.tud_control_xfer
                0x10006cac       0xb4 CMakeFiles/numlocked.dir/home/yuhkuro/projects/pico-sdk/lib/tinyusb/src/device/usbd_control.c.obj
                0x10006cac                tud_control_xfer
 .text.usbd_control_reset
                0x10006d60       0x20 CMakeFiles/numlocked.dir/home/yuhkuro/projects/pico-sdk/lib/tinyusb/src/device/usbd_control.c.obj
                0x10006d60                usbd_control_reset
 .text.usbd_control_set_complete_callback
                0x10006d80        0xc CMakeFiles/numlocked.dir/home/yuhkuro/projects/pico-sdk/lib/tinyusb/src/device/usbd_control.c.obj
                0x10006d80                usbd_control_set_complete_callback
 .text.usbd_control_set_request
                0x10006d8c       0x24 CMakeFiles/numlocked.dir/home/yuhkuro/projects/pico-sdk/lib/tinyusb/src/device/usbd_control.c.obj
                0x10006d8c                usbd_control_set_request
 .text.usbd_control_xfer_cb
                0x10006db0       0xf8 CMakeFiles/numlocked.dir/home/yuhkuro/projects/pico-sdk/lib/tinyusb/src/device/usbd_control.c.obj
                0x10006db0                usbd_control_xfer_cb
 .text.tud_hid_set_protocol_cb
                0x10006ea8        0x4 CMakeFiles/numlocked.dir/home/yuhkuro/projects/pico-sdk/lib/tinyusb/src/class/hid/hid_device.c.obj
                0x10006ea8                tud_hid_set_protocol_cb
 .text.tud_hid_set_idle_cb
                0x10006eac        0x4 CMakeFiles/numlocked.dir/home/yuhkuro/projects/pico-sdk/lib/tinyusb/src/class/hid/hid_device.c.obj
                0x10006eac                tud_hid_set_idle_cb
 .text.tud_hid_report_failed_cb
                0x10006eb0        0x4 CMakeFiles/numlocked.dir/home/yuhkuro/projects/pico-sdk/lib/tinyusb/src/class/hid/hid_device.c.obj
                0x10006eb0                tud_hid_report_failed_cb
 .text.tud_hid_n_ready
                0x10006eb4       0x44 CMakeFiles/numlocked.dir/home/yuhkuro/projects/pico-sdk/lib/tinyusb/src/class/hid/hid_device.c.obj
                0x10006eb4                tud_hid_n_ready
 .text.tud_hid_n_report
                0x10006ef8       0x94 CMakeFiles/numlocked.dir/home/yuhkuro/projects/pico-sdk/lib/tinyusb/src/class/hid/hid_device.c.obj
                0x10006ef8                tud_hid_n_report
 .text.tud_hid_n_keyboard_report
                0x10006f8c       0x9c CMakeFiles/numlocked.dir/home/yuhkuro/projects/pico-sdk/lib/tinyusb/src/class/hid/hid_device.c.obj
                0x10006f8c                tud_hid_n_keyboard_report
 .text.hidd_init
                0x10007028       0x20 CMakeFiles/numlocked.dir/home/yuhkuro/projects/pico-sdk/lib/tinyusb/src/class/hid/hid_device.c.obj
                0x10007028                hidd_init
 .text.hidd_deinit
                0x10007048        0x4 CMakeFiles/numlocked.dir/home/yuhkuro/projects/pico-sdk/lib/tinyusb/src/class/hid/hid_device.c.obj
                0x10007048                hidd_deinit
 .text.hidd_reset
                0x1000704c       0x20 CMakeFiles/numlocked.dir/home/yuhkuro/projects/pico-sdk/lib/tinyusb/src/class/hid/hid_device.c.obj
                0x1000704c                hidd_reset
 .text.hidd_open
                0x1000706c       0x94 CMakeFiles/numlocked.dir/home/yuhkuro/projects/pico-sdk/lib/tinyusb/src/class/hid/hid_device.c.obj
                0x1000706c                hidd_open
 .text.hidd_control_xfer_cb
                0x10007100      0x1ac CMakeFiles/numlocked.dir/home/yuhkuro/projects/pico-sdk/lib/tinyusb/src/class/hid/hid_device.c.obj
                0x10007100                hidd_control_xfer_cb
 .text.hidd_xfer_cb
                0x100072ac       0x90 CMakeFiles/numlocked.dir/home/yuhkuro/projects/pico-sdk/lib/tinyusb/src/class/hid/hid_device.c.obj
                0x100072ac                hidd_xfer_cb
 .text.tusb_init
                0x1000733c       0x18 CMakeFiles/numlocked.dir/home/yuhkuro/projects/pico-sdk/lib/tinyusb/src/tusb.c.obj
                0x1000733c                tusb_init
 .text.tu_edpt_claim
                0x10007354       0x5c CMakeFiles/numlocked.dir/home/yuhkuro/projects/pico-sdk/lib/tinyusb/src/tusb.c.obj
                0x10007354                tu_edpt_claim
 .text.tu_edpt_validate
                0x100073b0       0x7c CMakeFiles/numlocked.dir/home/yuhkuro/projects/pico-sdk/lib/tinyusb/src/tusb.c.obj
                0x100073b0                tu_edpt_validate
 .text.tu_edpt_bind_driver
                0x1000742c       0x34 CMakeFiles/numlocked.dir/home/yuhkuro/projects/pico-sdk/lib/tinyusb/src/tusb.c.obj
                0x1000742c                tu_edpt_bind_driver
 .text.tu_fifo_read
                0x10007460       0xa8 CMakeFiles/numlocked.dir/home/yuhkuro/projects/pico-sdk/lib/tinyusb/src/common/tusb_fifo.c.obj
                0x10007460                tu_fifo_read
 .text.tu_fifo_write
                0x10007508       0xb4 CMakeFiles/numlocked.dir/home/yuhkuro/projects/pico-sdk/lib/tinyusb/src/common/tusb_fifo.c.obj
                0x10007508                tu_fifo_write
 .text.tu_fifo_clear
                0x100075bc       0x4c CMakeFiles/numlocked.dir/home/yuhkuro/projects/pico-sdk/lib/tinyusb/src/common/tusb_fifo.c.obj
                0x100075bc                tu_fifo_clear
 .text.board_init
                0x10007608       0x3c CMakeFiles/numlocked.dir/home/yuhkuro/projects/pico-sdk/lib/tinyusb/hw/bsp/rp2040/family.c.obj
                0x10007608                board_init
 .text.board_get_unique_id
                0x10007644       0x30 CMakeFiles/numlocked.dir/home/yuhkuro/projects/pico-sdk/lib/tinyusb/hw/bsp/rp2040/family.c.obj
                0x10007644                board_get_unique_id
 .text.i2c_set_baudrate
                0x10007674       0xcc CMakeFiles/numlocked.dir/home/yuhkuro/projects/pico-sdk/src/rp2_common/hardware_i2c/i2c.c.obj
                0x10007674                i2c_set_baudrate
 .text.i2c_init
                0x10007740       0x5c CMakeFiles/numlocked.dir/home/yuhkuro/projects/pico-sdk/src/rp2_common/hardware_i2c/i2c.c.obj
                0x10007740                i2c_init
 .text.i2c_write_blocking
                0x1000779c       0xd0 CMakeFiles/numlocked.dir/home/yuhkuro/projects/pico-sdk/src/rp2_common/hardware_i2c/i2c.c.obj
                0x1000779c                i2c_write_blocking
 .text          0x1000786c      0x5b4 /usr/lib/gcc/arm-none-eabi/13.2.1/../../../arm-none-eabi/lib/thumb/v6-m/nofp/libg.a(libc_a-mallocr.o)
                0x1000786c                _malloc_r
 .text          0x10007e20      0x288 /usr/lib/gcc/arm-none-eabi/13.2.1/../../../arm-none-eabi/lib/thumb/v6-m/nofp/libg.a(libc_a-freer.o)
                0x10007e20                _malloc_trim_r
                0x10007ed4                _free_r
 .text          0x100080a8       0x28 /usr/lib/gcc/arm-none-eabi/13.2.1/../../../arm-none-eabi/lib/thumb/v6-m/nofp/libg.a(libc_a-malloc.o)
                0x100080a8                malloc
                0x100080bc                free
 .text          0x100080d0       0x1c /usr/lib/gcc/arm-none-eabi/13.2.1/../../../arm-none-eabi/lib/thumb/v6-m/nofp/libg.a(libc_a-sysconf.o)
                0x100080d0                sysconf
 .text          0x100080ec        0x8 /usr/lib/gcc/arm-none-eabi/13.2.1/../../../arm-none-eabi/lib/thumb/v6-m/nofp/libg.a(libc_a-mlock.o)
                0x100080ec                __malloc_lock
                0x100080f0                __malloc_unlock
 .text          0x100080f4       0x10 /usr/lib/gcc/arm-none-eabi/13.2.1/../../../arm-none-eabi/lib/thumb/v6-m/nofp/libg.a(libc_a-atexit.o)
                0x100080f4                atexit
 .text          0x10008104       0x5c /usr/lib/gcc/arm-none-eabi/13.2.1/../../../arm-none-eabi/lib/thumb/v6-m/nofp/libg.a(libc_a-strlen-stub.o)
                0x10008104                strlen
 .text          0x10008160       0x24 /usr/lib/gcc/arm-none-eabi/13.2.1/../../../arm-none-eabi/lib/thumb/v6-m/nofp/libg.a(libc_a-sbrkr.o)
                0x10008160                _sbrk_r
 .text          0x10008184       0x28 /usr/lib/gcc/arm-none-eabi/13.2.1/../../../arm-none-eabi/lib/thumb/v6-m/nofp/libg.a(libc_a-fini.o)
                0x10008184                __libc_fini_array
 .text          0x100081ac        0xc /usr/lib/gcc/arm-none-eabi/13.2.1/../../../arm-none-eabi/lib/thumb/v6-m/nofp/libg.a(libc_a-errno.o)
                0x100081ac                __errno
 .text          0x100081b8       0x78 /usr/lib/gcc/arm-none-eabi/13.2.1/../../../arm-none-eabi/lib/thumb/v6-m/nofp/libg.a(libc_a-__atexit.o)
                0x100081b8                __register_exitproc
 .text.startup  0x10008230       0x18 /usr/lib/gcc/arm-none-eabi/13.2.1/../../../arm-none-eabi/lib/thumb/v6-m/nofp/libg.a(libc_a-__call_atexit.o)
 *(.fini)
 .fini          0x10008248        0x4 /usr/lib/gcc/arm-none-eabi/13.2.1/thumb/v6-m/nofp/crti.o
                0x10008248                _fini
 *fill*         0x1000824c        0x4 
 .fini.__stub   0x10008250       0xc0 linker stubs
 *crtbegin.o(.ctors)
 *crtbegin?.o(.ctors)
 *(EXCLUDE_FILE(*crtend.o *crtend?.o) .ctors)
 *(SORT_BY_NAME(.ctors.*))
 *(.ctors)
 *crtbegin.o(.dtors)
 *crtbegin?.o(.dtors)
 *(EXCLUDE_FILE(*crtend.o *crtend?.o) .dtors)
 *(SORT_BY_NAME(.dtors.*))
 *(.dtors)
                0x10008310                        . = ALIGN (0x4)
                0x10008310                        PROVIDE (__preinit_array_start = .)
 *(SORT_BY_NAME(.preinit_array.*))
 .preinit_array.00100
                0x10008310        0x4 CMakeFiles/numlocked.dir/home/yuhkuro/projects/pico-sdk/src/rp2_common/pico_runtime_init/runtime_init.c.obj
                0x10008310                __pre_init_runtime_init_early_resets
 .preinit_array.00101
                0x10008314        0x4 CMakeFiles/numlocked.dir/home/yuhkuro/projects/pico-sdk/src/rp2_common/pico_runtime_init/runtime_init.c.obj
                0x10008314                __pre_init_runtime_init_usb_power_down
 .preinit_array.00275
                0x10008318        0x4 CMakeFiles/numlocked.dir/home/yuhkuro/projects/pico-sdk/src/rp2_common/pico_bit_ops/bit_ops_aeabi.S.obj
 .preinit_array.00300
                0x1000831c        0x4 CMakeFiles/numlocked.dir/home/yuhkuro/projects/pico-sdk/src/rp2_common/pico_mem_ops/mem_ops_aeabi.S.obj
 .preinit_array.00350
                0x10008320        0x4 CMakeFiles/numlocked.dir/home/yuhkuro/projects/pico-sdk/src/rp2_common/pico_double/double_aeabi_rp2040.S.obj
 .preinit_array.00350
                0x10008324        0x4 CMakeFiles/numlocked.dir/home/yuhkuro/projects/pico-sdk/src/rp2_common/pico_float/float_aeabi_rp2040.S.obj
 .preinit_array.00500
                0x10008328        0x4 CMakeFiles/numlocked.dir/home/yuhkuro/projects/pico-sdk/src/rp2_common/pico_runtime_init/runtime_init.c.obj
                0x10008328                __pre_init_runtime_init_clocks
 .preinit_array.00600
                0x1000832c        0x4 CMakeFiles/numlocked.dir/home/yuhkuro/projects/pico-sdk/src/rp2_common/pico_runtime_init/runtime_init.c.obj
                0x1000832c                __pre_init_runtime_init_post_clock_resets
 .preinit_array.00700
                0x10008330        0x4 CMakeFiles/numlocked.dir/home/yuhkuro/projects/pico-sdk/src/rp2_common/pico_runtime_init/runtime_init.c.obj
                0x10008330                __pre_init_runtime_init_rp2040_gpio_ie_disable
 .preinit_array.01000
                0x10008334        0x4 CMakeFiles/numlocked.dir/home/yuhkuro/projects/pico-sdk/src/rp2_common/pico_runtime_init/runtime_init.c.obj
                0x10008334                __pre_init_runtime_init_spin_locks_reset
 .preinit_array.01100
                0x10008338        0x4 CMakeFiles/numlocked.dir/home/yuhkuro/projects/pico-sdk/src/common/pico_sync/mutex.c.obj
                0x10008338                __pre_init_runtime_init_mutex
 .preinit_array.10080
                0x1000833c        0x4 CMakeFiles/numlocked.dir/home/yuhkuro/projects/pico-sdk/src/rp2_common/pico_runtime_init/runtime_init.c.obj
                0x1000833c                __pre_init_runtime_init_install_ram_vector_table
 .preinit_array.11000
                0x10008340        0x4 CMakeFiles/numlocked.dir/home/yuhkuro/projects/pico-sdk/src/common/pico_time/time.c.obj
                0x10008340                __pre_init_runtime_init_default_alarm_pool
 .preinit_array.YYYYY
                0x10008344        0x4 CMakeFiles/numlocked.dir/home/yuhkuro/projects/pico-sdk/src/rp2_common/pico_runtime/runtime.c.obj
                0x10008344                __pre_init_first_per_core_initializer
 .preinit_array.ZZZZZ.01200
                0x10008348        0x4 CMakeFiles/numlocked.dir/home/yuhkuro/projects/pico-sdk/src/rp2_common/hardware_irq/irq.c.obj
                0x10008348                __pre_init_runtime_init_per_core_irq_priorities
 *(.preinit_array)
                0x1000834c                        PROVIDE (__preinit_array_end = .)
                0x1000834c                        . = ALIGN (0x4)
                0x1000834c                        PROVIDE (__init_array_start = .)
 *(SORT_BY_NAME(.init_array.*))
 .init_array.00000
                0x1000834c        0x4 /usr/lib/gcc/arm-none-eabi/13.2.1/../../../arm-none-eabi/lib/thumb/v6-m/nofp/libg.a(libc_a-__call_atexit.o)
 *(.init_array)
 .init_array    0x10008350        0x4 /usr/lib/gcc/arm-none-eabi/13.2.1/thumb/v6-m/nofp/crtbegin.o
 .init_array    0x10008354        0x4 CMakeFiles/numlocked.dir/home/yuhkuro/projects/pico-sdk/src/rp2_common/pico_unique_id/unique_id.c.obj
                0x10008358                        PROVIDE (__init_array_end = .)
                0x10008358                        . = ALIGN (0x4)
                0x10008358                        PROVIDE (__fini_array_start = .)
 *(SORT_BY_NAME(.fini_array.*))
 *(.fini_array)
                0x10008358                        PROVIDE (__fini_array_end = .)
 *(.eh_frame*)
 .eh_frame      0x10008358        0x0 /usr/lib/gcc/arm-none-eabi/13.2.1/thumb/v6-m/nofp/crtbegin.o
                0x10008358                        . = ALIGN (0x4)

.glue_7         0x10008358        0x0
 .glue_7        0x10008358        0x0 linker stubs

.glue_7t        0x10008358        0x0
 .glue_7t       0x10008358        0x0 linker stubs

.vfp11_veneer   0x10008358        0x0
 .vfp11_veneer  0x10008358        0x0 linker stubs

.v4_bx          0x10008358        0x0
 .v4_bx         0x10008358        0x0 linker stubs

.iplt           0x10008358        0x0
 .iplt          0x10008358        0x0 /usr/lib/gcc/arm-none-eabi/13.2.1/thumb/v6-m/nofp/crtbegin.o

.rodata         0x10008358     0x3a40
 *(EXCLUDE_FILE(*libm.a: *libc.a:*lib_a-mem*.o *libgcc.a:) .rodata*)
 .rodata.tud_descriptor_string_cb.str1.4
                0x10008358      0x1c4 CMakeFiles/numlocked.dir/usb_descriptors.c.obj
                                 0x11 (size before relaxing)
 .rodata.str1.4
                0x1000851c       0x17 CMakeFiles/numlocked.dir/usb_descriptors.c.obj
 .rodata.__compound_literal.0
                0x1000851c        0x2 CMakeFiles/numlocked.dir/usb_descriptors.c.obj
 *fill*         0x1000851e        0x2 
 .rodata.desc_configuration
                0x10008520       0x22 CMakeFiles/numlocked.dir/usb_descriptors.c.obj
                0x10008520                desc_configuration
 *fill*         0x10008542        0x2 
 .rodata.desc_hid_report
                0x10008544       0xef CMakeFiles/numlocked.dir/usb_descriptors.c.obj
                0x10008544                desc_hid_report
 *fill*         0x10008633        0x1 
 .rodata.desc_device
                0x10008634       0x12 CMakeFiles/numlocked.dir/usb_descriptors.c.obj
                0x10008634                desc_device
 .rodata.ssd1306_init.str1.4
                0x10008646       0x3f CMakeFiles/numlocked.dir/ssd1306.c.obj
 .rodata.ssd1306_show.str1.4
                0x10008646        0xd CMakeFiles/numlocked.dir/ssd1306.c.obj
 *fill*         0x10008646        0x2 
 .rodata.font_8x5
                0x10008648      0x1e0 CMakeFiles/numlocked.dir/ssd1306.c.obj
                0x10008648                font_8x5
 .rodata.cdc_animation.str1.4
                0x10008828       0x2e CMakeFiles/numlocked.dir/oled_cdc.c.obj
 .rodata.startup_frames
                0x10008828     0x1914 CMakeFiles/numlocked.dir/oled_cdc.c.obj
                0x10008828                startup_frames
 .rodata.wave_frames
                0x1000a13c     0x1914 CMakeFiles/numlocked.dir/oled_cdc.c.obj
                0x1000a13c                wave_frames
 .rodata.panic.str1.4
                0x1000ba50       0x12 CMakeFiles/numlocked.dir/home/yuhkuro/projects/pico-sdk/src/rp2_common/pico_platform_panic/panic.c.obj
 .rodata.spin_lock_claim_unused.str1.4
                0x1000ba50       0x1b CMakeFiles/numlocked.dir/home/yuhkuro/projects/pico-sdk/src/rp2_common/hardware_sync/sync.c.obj
 .rodata.timer_hardware_alarm_claim.str1.4
                0x1000ba50       0x22 CMakeFiles/numlocked.dir/home/yuhkuro/projects/pico-sdk/src/rp2_common/hardware_timer/timer.c.obj
 .rodata.hard_assertion_failure.str1.4
                0x1000ba50        0xc CMakeFiles/numlocked.dir/home/yuhkuro/projects/pico-sdk/src/rp2_common/pico_runtime/runtime.c.obj
 .rodata.__wrap_malloc.str1.4
                0x1000ba50        0xe CMakeFiles/numlocked.dir/home/yuhkuro/projects/pico-sdk/src/rp2_common/pico_malloc/malloc.c.obj
 .rodata.str1.4
                0x1000ba50       0x30 CMakeFiles/numlocked.dir/home/yuhkuro/projects/pico-sdk/src/rp2_common/pico_standard_binary_info/standard_binary_info.c.obj
 .rodata.__bi_84
                0x1000ba50        0xc CMakeFiles/numlocked.dir/home/yuhkuro/projects/pico-sdk/src/rp2_common/pico_standard_binary_info/standard_binary_info.c.obj
 .rodata.__bi_54
                0x1000ba5c        0xc CMakeFiles/numlocked.dir/home/yuhkuro/projects/pico-sdk/src/rp2_common/pico_standard_binary_info/standard_binary_info.c.obj
 .rodata.__bi_48
                0x1000ba68        0xc CMakeFiles/numlocked.dir/home/yuhkuro/projects/pico-sdk/src/rp2_common/pico_standard_binary_info/standard_binary_info.c.obj
 .rodata.__bi_42
                0x1000ba74        0xc CMakeFiles/numlocked.dir/home/yuhkuro/projects/pico-sdk/src/rp2_common/pico_standard_binary_info/standard_binary_info.c.obj
 .rodata.__bi_34
                0x1000ba80        0xc CMakeFiles/numlocked.dir/home/yuhkuro/projects/pico-sdk/src/rp2_common/pico_standard_binary_info/standard_binary_info.c.obj
 .rodata.__bi_26
                0x1000ba8c        0xc CMakeFiles/numlocked.dir/home/yuhkuro/projects/pico-sdk/src/rp2_common/pico_standard_binary_info/standard_binary_info.c.obj
 .rodata._ftoa.str1.4
                0x1000ba98       0x15 CMakeFiles/numlocked.dir/home/yuhkuro/projects/pico-sdk/src/rp2_common/pico_printf/printf.c.obj
 .rodata._vsnprintf
                0x1000ba98      0x19c CMakeFiles/numlocked.dir/home/yuhkuro/projects/pico-sdk/src/rp2_common/pico_printf/printf.c.obj
 *fill*         0x1000bc34        0x4 
 .rodata.pow10.0
                0x1000bc38       0x50 CMakeFiles/numlocked.dir/home/yuhkuro/projects/pico-sdk/src/rp2_common/pico_printf/printf.c.obj
 .rodata.crlf_str.0
                0x1000bc88        0x2 CMakeFiles/numlocked.dir/home/yuhkuro/projects/pico-sdk/src/rp2_common/pico_stdio/stdio.c.obj
 .rodata.str1.4
                0x1000bc8a       0x14 CMakeFiles/numlocked.dir/home/yuhkuro/projects/pico-sdk/lib/tinyusb/src/portable/raspberrypi/rp2040/dcd_rp2040.c.obj
 .rodata.str1.4
                0x1000bc8a       0x48 CMakeFiles/numlocked.dir/home/yuhkuro/projects/pico-sdk/lib/tinyusb/src/portable/raspberrypi/rp2040/rp2040_usb.c.obj
 *fill*         0x1000bc8a        0x2 
 .rodata.tud_task_ext
                0x1000bc8c       0x8c CMakeFiles/numlocked.dir/home/yuhkuro/projects/pico-sdk/lib/tinyusb/src/device/usbd.c.obj
 .rodata        0x1000bd18       0x1c CMakeFiles/numlocked.dir/home/yuhkuro/projects/pico-sdk/lib/tinyusb/src/device/usbd.c.obj
 .rodata._usbd_driver
                0x1000bd34       0x20 CMakeFiles/numlocked.dir/home/yuhkuro/projects/pico-sdk/lib/tinyusb/src/device/usbd.c.obj
 .rodata.hidd_control_xfer_cb
                0x1000bd54       0x30 CMakeFiles/numlocked.dir/home/yuhkuro/projects/pico-sdk/lib/tinyusb/src/class/hid/hid_device.c.obj
 .rodata.str1.4
                0x1000bd84        0x4 CMakeFiles/numlocked.dir/home/yuhkuro/projects/pico-sdk/lib/tinyusb/hw/bsp/rp2040/family.c.obj
 .rodata.__bi_147.0
                0x1000bd84        0xc CMakeFiles/numlocked.dir/home/yuhkuro/projects/pico-sdk/lib/tinyusb/hw/bsp/rp2040/family.c.obj
 .rodata.__bi_157.1
                0x1000bd90        0x8 CMakeFiles/numlocked.dir/home/yuhkuro/projects/pico-sdk/lib/tinyusb/hw/bsp/rp2040/family.c.obj
                0x1000bd98                        . = ALIGN (0x4)
 *(SORT_BY_ALIGNMENT(SORT_BY_NAME(.flashdata*)))
                0x1000bd98                        . = ALIGN (0x4)

.ARM.extab
 *(.ARM.extab* .gnu.linkonce.armextab.*)
                0x1000bd98                        __exidx_start = .

.ARM.exidx
 *(.ARM.exidx* .gnu.linkonce.armexidx.*)
                0x1000bd98                        __exidx_end = .
                0x1000bd98                        . = ALIGN (0x4)
                0x1000bd98                        __binary_info_start = .

.binary_info    0x1000bd98       0x20
 *(.binary_info.keep.*)
 .binary_info.keep.__bi_ptr84
                0x1000bd98        0x4 CMakeFiles/numlocked.dir/home/yuhkuro/projects/pico-sdk/src/rp2_common/pico_standard_binary_info/standard_binary_info.c.obj
 .binary_info.keep.__bi_ptr54
                0x1000bd9c        0x4 CMakeFiles/numlocked.dir/home/yuhkuro/projects/pico-sdk/src/rp2_common/pico_standard_binary_info/standard_binary_info.c.obj
 .binary_info.keep.__bi_ptr48
                0x1000bda0        0x4 CMakeFiles/numlocked.dir/home/yuhkuro/projects/pico-sdk/src/rp2_common/pico_standard_binary_info/standard_binary_info.c.obj
 .binary_info.keep.__bi_ptr42
                0x1000bda4        0x4 CMakeFiles/numlocked.dir/home/yuhkuro/projects/pico-sdk/src/rp2_common/pico_standard_binary_info/standard_binary_info.c.obj
 .binary_info.keep.__bi_ptr34
                0x1000bda8        0x4 CMakeFiles/numlocked.dir/home/yuhkuro/projects/pico-sdk/src/rp2_common/pico_standard_binary_info/standard_binary_info.c.obj
 .binary_info.keep.__bi_ptr26
                0x1000bdac        0x4 CMakeFiles/numlocked.dir/home/yuhkuro/projects/pico-sdk/src/rp2_common/pico_standard_binary_info/standard_binary_info.c.obj
 .binary_info.keep.__bi_ptr157
                0x1000bdb0        0x4 CMakeFiles/numlocked.dir/home/yuhkuro/projects/pico-sdk/lib/tinyusb/hw/bsp/rp2040/family.c.obj
 .binary_info.keep.__bi_ptr147
                0x1000bdb4        0x4 CMakeFiles/numlocked.dir/home/yuhkuro/projects/pico-sdk/lib/tinyusb/hw/bsp/rp2040/family.c.obj
 *(.binary_info.*)
                0x1000bdb8                        __binary_info_end = .

.rel.dyn        0x1000bdb8        0x0
 .rel.iplt      0x1000bdb8        0x0 /usr/lib/gcc/arm-none-eabi/13.2.1/thumb/v6-m/nofp/crtbegin.o
                0x1000bdb8                        . = ALIGN (0x4)

.ram_vector_table
                0x20000000       0xc0
 *(.ram_vector_table)
 .ram_vector_table
                0x20000000       0xc0 CMakeFiles/numlocked.dir/home/yuhkuro/projects/pico-sdk/src/rp2_common/pico_runtime_init/runtime_init.c.obj
                0x20000000                ram_vector_table

.uninitialized_data
                0x200000c0        0x0
                0x200000c0                        . = ALIGN (0x4)
 *(.uninitialized_data*)

.data           0x200000c0     0x1690 load address 0x1000bdb8
                0x200000c0                        __data_start__ = .
 *(vtable)
 *(.time_critical*)
 .time_critical.mutex_enter_blocking
                0x200000c0       0x48 CMakeFiles/numlocked.dir/home/yuhkuro/projects/pico-sdk/src/common/pico_sync/mutex.c.obj
                0x200000c0                mutex_enter_blocking
 .time_critical.mutex_try_enter_block_until
                0x20000108       0xa8 CMakeFiles/numlocked.dir/home/yuhkuro/projects/pico-sdk/src/common/pico_sync/mutex.c.obj
                0x20000108                mutex_try_enter_block_until
 .time_critical.mutex_enter_timeout_ms
                0x200001b0       0x9c CMakeFiles/numlocked.dir/home/yuhkuro/projects/pico-sdk/src/common/pico_sync/mutex.c.obj
                0x200001b0                mutex_enter_timeout_ms
 .time_critical.mutex_exit
                0x2000024c       0x28 CMakeFiles/numlocked.dir/home/yuhkuro/projects/pico-sdk/src/common/pico_sync/mutex.c.obj
                0x2000024c                mutex_exit
 .time_critical.flash_init_boot2_copyout
                0x20000274       0x30 CMakeFiles/numlocked.dir/home/yuhkuro/projects/pico-sdk/src/rp2_common/hardware_flash/flash.c.obj
 .time_critical.flash_enable_xip_via_boot2
                0x200002a4       0x18 CMakeFiles/numlocked.dir/home/yuhkuro/projects/pico-sdk/src/rp2_common/hardware_flash/flash.c.obj
 .time_critical.flash_cs_force
                0x200002bc       0x38 CMakeFiles/numlocked.dir/home/yuhkuro/projects/pico-sdk/src/rp2_common/hardware_flash/flash.c.obj
 .time_critical.flash_do_cmd
                0x200002f4       0xcc CMakeFiles/numlocked.dir/home/yuhkuro/projects/pico-sdk/src/rp2_common/hardware_flash/flash.c.obj
                0x200002f4                flash_do_cmd
 .time_critical.reset_non_control_endpoints
                0x200003c0       0x70 CMakeFiles/numlocked.dir/home/yuhkuro/projects/pico-sdk/lib/tinyusb/src/portable/raspberrypi/rp2040/dcd_rp2040.c.obj
 .time_critical.hw_handle_buff_status
                0x20000430       0xbc CMakeFiles/numlocked.dir/home/yuhkuro/projects/pico-sdk/lib/tinyusb/src/portable/raspberrypi/rp2040/dcd_rp2040.c.obj
 .time_critical.dcd_rp2040_irq
                0x200004ec      0x584 CMakeFiles/numlocked.dir/home/yuhkuro/projects/pico-sdk/lib/tinyusb/src/portable/raspberrypi/rp2040/dcd_rp2040.c.obj
 .time_critical.prepare_ep_buffer
                0x20000a70       0xe0 CMakeFiles/numlocked.dir/home/yuhkuro/projects/pico-sdk/lib/tinyusb/src/portable/raspberrypi/rp2040/rp2040_usb.c.obj
 .time_critical.sync_ep_buffer
                0x20000b50       0xa8 CMakeFiles/numlocked.dir/home/yuhkuro/projects/pico-sdk/lib/tinyusb/src/portable/raspberrypi/rp2040/rp2040_usb.c.obj
 .time_critical._hw_endpoint_xfer_sync
                0x20000bf8       0x34 CMakeFiles/numlocked.dir/home/yuhkuro/projects/pico-sdk/lib/tinyusb/src/portable/raspberrypi/rp2040/rp2040_usb.c.obj
 .time_critical.e15_is_bulkin_ep
                0x20000c2c       0x28 CMakeFiles/numlocked.dir/home/yuhkuro/projects/pico-sdk/lib/tinyusb/src/portable/raspberrypi/rp2040/rp2040_usb.c.obj
 .time_critical.e15_is_critical_frame_period
                0x20000c54       0x3c CMakeFiles/numlocked.dir/home/yuhkuro/projects/pico-sdk/lib/tinyusb/src/portable/raspberrypi/rp2040/rp2040_usb.c.obj
 .time_critical.hw_endpoint_reset_transfer
                0x20000c90        0xc CMakeFiles/numlocked.dir/home/yuhkuro/projects/pico-sdk/lib/tinyusb/src/portable/raspberrypi/rp2040/rp2040_usb.c.obj
                0x20000c90                hw_endpoint_reset_transfer
 .time_critical._hw_endpoint_buffer_control_update32
                0x20000c9c       0x5c CMakeFiles/numlocked.dir/home/yuhkuro/projects/pico-sdk/lib/tinyusb/src/portable/raspberrypi/rp2040/rp2040_usb.c.obj
                0x20000c9c                _hw_endpoint_buffer_control_update32
 .time_critical.hw_endpoint_start_next_buffer
                0x20000cf8       0x78 CMakeFiles/numlocked.dir/home/yuhkuro/projects/pico-sdk/lib/tinyusb/src/portable/raspberrypi/rp2040/rp2040_usb.c.obj
                0x20000cf8                hw_endpoint_start_next_buffer
 .time_critical.hw_endpoint_xfer_continue
                0x20000d70       0x4c CMakeFiles/numlocked.dir/home/yuhkuro/projects/pico-sdk/lib/tinyusb/src/portable/raspberrypi/rp2040/rp2040_usb.c.obj
                0x20000d70                hw_endpoint_xfer_continue
 .time_critical.tinyusb
                0x20000dbc      0x1ec CMakeFiles/numlocked.dir/home/yuhkuro/projects/pico-sdk/lib/tinyusb/src/device/usbd.c.obj
                0x20000dbc                dcd_event_handler
 *(.text*)
 .text          0x20000fa8        0x4 /usr/lib/gcc/arm-none-eabi/13.2.1/thumb/v6-m/nofp/libgcc.a(_dvmd_tls.o)
                0x20000fa8                __aeabi_ldiv0
                0x20000fa8                __aeabi_idiv0
 *fill*         0x20000fac        0x4 
 .text.__stub   0x20000fb0       0x80 linker stubs
                0x20001030                        . = ALIGN (0x4)
 *(.rodata*)
                0x20001030                        . = ALIGN (0x4)
 *(.data*)
 .data.string_desc_arr
                0x20001030       0x10 CMakeFiles/numlocked.dir/usb_descriptors.c.obj
                0x20001030                string_desc_arr
 .data.current_isAM
                0x20001040        0x1 CMakeFiles/numlocked.dir/oled_cdc.c.obj
 .data.current_hour
                0x20001041        0x1 CMakeFiles/numlocked.dir/oled_cdc.c.obj
 *fill*         0x20001042        0x2 
 .data.key_map_noright
                0x20001044       0x78 CMakeFiles/numlocked.dir/keyboard.c.obj
                0x20001044                key_map_noright
 .data.key_map_standard
                0x200010bc       0x78 CMakeFiles/numlocked.dir/keyboard.c.obj
                0x200010bc                key_map_standard
 .data.striped_spin_lock_num
                0x20001134        0x1 CMakeFiles/numlocked.dir/home/yuhkuro/projects/pico-sdk/src/rp2_common/hardware_sync/sync.c.obj
 *fill*         0x20001135        0x3 
 .data          0x20001138       0x48 CMakeFiles/numlocked.dir/home/yuhkuro/projects/pico-sdk/src/rp2_common/hardware_irq/irq_handler_chain.S.obj
                0x20001138                irq_handler_chain_slots
                0x20001168                irq_handler_chain_first_slot
                0x20001172                irq_handler_chain_remove_tail
 .data.default_alarm_pool
                0x20001180       0x18 CMakeFiles/numlocked.dir/home/yuhkuro/projects/pico-sdk/src/common/pico_time/time.c.obj
 *fill*         0x20001198        0x8 
 .data.aeabi_bits_funcs
                0x200011a0       0x10 CMakeFiles/numlocked.dir/home/yuhkuro/projects/pico-sdk/src/rp2_common/pico_bit_ops/bit_ops_aeabi.S.obj
                0x200011a0                aeabi_bits_funcs
                0x200011b0                aeabi_bits_funcs_end
 .data.aeabi_mem_funcs
                0x200011b0       0x10 CMakeFiles/numlocked.dir/home/yuhkuro/projects/pico-sdk/src/rp2_common/pico_mem_ops/mem_ops_aeabi.S.obj
                0x200011b0                aeabi_mem_funcs
                0x200011c0                aeabi_mem_funcs_end
 .data.stdio_uart
                0x200011c0       0x18 CMakeFiles/numlocked.dir/home/yuhkuro/projects/pico-sdk/src/rp2_common/pico_stdio_uart/stdio_uart.c.obj
                0x200011c0                stdio_uart
 .data._usbd_qdef
                0x200011d8       0x1c CMakeFiles/numlocked.dir/home/yuhkuro/projects/pico-sdk/lib/tinyusb/src/device/usbd.c.obj
                0x200011d8                _usbd_qdef
 .data._usbd_rhport
                0x200011f4        0x1 CMakeFiles/numlocked.dir/home/yuhkuro/projects/pico-sdk/lib/tinyusb/src/device/usbd.c.obj
 *fill*         0x200011f5        0x3 
 .data.i2c1_inst
                0x200011f8        0x8 CMakeFiles/numlocked.dir/home/yuhkuro/projects/pico-sdk/src/rp2_common/hardware_i2c/i2c.c.obj
                0x200011f8                i2c1_inst
 .data.i2c0_inst
                0x20001200        0x8 CMakeFiles/numlocked.dir/home/yuhkuro/projects/pico-sdk/src/rp2_common/hardware_i2c/i2c.c.obj
                0x20001200                i2c0_inst
 .data          0x20001208      0x128 /usr/lib/gcc/arm-none-eabi/13.2.1/../../../arm-none-eabi/lib/thumb/v6-m/nofp/libg.a(libc_a-impure.o)
                0x20001208                _impure_ptr
                0x20001210                _impure_data
 .data          0x20001330      0x410 /usr/lib/gcc/arm-none-eabi/13.2.1/../../../arm-none-eabi/lib/thumb/v6-m/nofp/libg.a(libc_a-mallocr.o)
                0x20001330                __malloc_sbrk_base
                0x20001334                __malloc_trim_threshold
                0x20001338                __malloc_av_
                0x20001740                        . = ALIGN (0x4)
 *(.after_data.*)
                0x20001740                        . = ALIGN (0x4)
                0x20001740                        PROVIDE (__mutex_array_start = .)
 *(SORT_BY_NAME(.mutex_array.*))
 *(.mutex_array)
 .mutex_array   0x20001740        0x8 CMakeFiles/numlocked.dir/home/yuhkuro/projects/pico-sdk/src/rp2_common/pico_malloc/malloc.c.obj
 .mutex_array   0x20001748        0x8 CMakeFiles/numlocked.dir/home/yuhkuro/projects/pico-sdk/src/rp2_common/pico_stdio/stdio.c.obj
                0x20001750                        PROVIDE (__mutex_array_end = .)
                0x20001750                        . = ALIGN (0x4)
 *(.jcr)
                0x20001750                        . = ALIGN (0x4)

.tm_clone_table
                0x20001750        0x0 load address 0x1000d448
 .tm_clone_table
                0x20001750        0x0 /usr/lib/gcc/arm-none-eabi/13.2.1/thumb/v6-m/nofp/crtbegin.o
 .tm_clone_table
                0x20001750        0x0 /usr/lib/gcc/arm-none-eabi/13.2.1/thumb/v6-m/nofp/crtend.o

.igot.plt       0x20001750        0x0 load address 0x1000d448
 .igot.plt      0x20001750        0x0 /usr/lib/gcc/arm-none-eabi/13.2.1/thumb/v6-m/nofp/crtbegin.o

.tdata          0x20001750        0x0 load address 0x1000d448
                0x20001750                        . = ALIGN (0x4)
 *(.tdata .tdata.* .gnu.linkonce.td.*)
                0x20001750                        __tdata_end = .
                0x20001750                        PROVIDE (__data_end__ = .)
                0x1000bdb8                        __etext = LOADADDR (.data)

.tbss           0x20001750        0x0 load address 0x1000d448
                0x20001750                        . = ALIGN (0x4)
                0x20001750                        __bss_start__ = .
                0x20001750                        __tls_base = .
 *(.tbss .tbss.* .gnu.linkonce.tb.*)
 *(.tcommon)
                0x20001750                        __tls_end = .

.bss            0x20001750      0xf48 load address 0x1000d448
                0x20001750                        . = ALIGN (0x4)
                0x20001750                        __tbss_end = .
 *(SORT_BY_ALIGNMENT(SORT_BY_NAME(.bss*)))
 .bss.default_alarm_pool_entries
                0x20001750      0x180 CMakeFiles/numlocked.dir/home/yuhkuro/projects/pico-sdk/src/common/pico_time/time.c.obj
 .bss.last_minute_update
                0x200018d0        0x8 CMakeFiles/numlocked.dir/oled_cdc.c.obj
 .bss.sd_table  0x200018d8      0x100 CMakeFiles/numlocked.dir/home/yuhkuro/projects/pico-sdk/src/rp2_common/pico_double/double_init_rom_rp2040.c.obj
                0x200018d8                sd_table
 .bss.sf_table  0x200019d8      0x100 CMakeFiles/numlocked.dir/home/yuhkuro/projects/pico-sdk/src/rp2_common/pico_float/float_init_rom_rp2040.c.obj
                0x200019d8                sf_table
 .bss           0x20001ad8       0x1c /usr/lib/gcc/arm-none-eabi/13.2.1/thumb/v6-m/nofp/crtbegin.o
 .bss           0x20001af4       0x34 /usr/lib/gcc/arm-none-eabi/13.2.1/../../../arm-none-eabi/lib/thumb/v6-m/nofp/libg.a(libc_a-mallocr.o)
                0x20001af4                __malloc_top_pad
                0x20001af8                __malloc_current_mallinfo
                0x20001b20                __malloc_max_sbrked_mem
                0x20001b24                __malloc_max_total_mem
 .bss           0x20001b28      0x13c /usr/lib/gcc/arm-none-eabi/13.2.1/../../../arm-none-eabi/lib/thumb/v6-m/nofp/libg.a(libc_a-findfp.o)
                0x20001b28                __stdio_exit_handler
                0x20001b2c                __sf
 .bss           0x20001c64        0x4 /usr/lib/gcc/arm-none-eabi/13.2.1/../../../arm-none-eabi/lib/thumb/v6-m/nofp/libg.a(libc_a-reent.o)
                0x20001c64                errno
 .bss           0x20001c68      0x190 /usr/lib/gcc/arm-none-eabi/13.2.1/../../../arm-none-eabi/lib/thumb/v6-m/nofp/libg.a(libc_a-__atexit.o)
                0x20001c68                __atexit0
 .bss           0x20001df8        0x4 /usr/lib/gcc/arm-none-eabi/13.2.1/../../../arm-none-eabi/lib/thumb/v6-m/nofp/libg.a(libc_a-__call_atexit.o)
                0x20001df8                __atexit
 .bss._app_driver
                0x20001dfc        0x4 CMakeFiles/numlocked.dir/home/yuhkuro/projects/pico-sdk/lib/tinyusb/src/device/usbd.c.obj
 .bss._ctrl_xfer
                0x20001e00       0x14 CMakeFiles/numlocked.dir/home/yuhkuro/projects/pico-sdk/lib/tinyusb/src/device/usbd_control.c.obj
 .bss._desc_str
                0x20001e14       0x42 CMakeFiles/numlocked.dir/usb_descriptors.c.obj
 *fill*         0x20001e56        0x2 
 .bss._hidd_itf
                0x20001e58       0x3c CMakeFiles/numlocked.dir/home/yuhkuro/projects/pico-sdk/lib/tinyusb/src/class/hid/hid_device.c.obj
 .bss._ubsd_mutexdef
                0x20001e94        0x8 CMakeFiles/numlocked.dir/home/yuhkuro/projects/pico-sdk/lib/tinyusb/src/device/usbd.c.obj
 .bss._usbd_ctrl_buf
                0x20001e9c       0x40 CMakeFiles/numlocked.dir/home/yuhkuro/projects/pico-sdk/lib/tinyusb/src/device/usbd_control.c.obj
 .bss._usbd_dev
                0x20001edc       0x54 CMakeFiles/numlocked.dir/home/yuhkuro/projects/pico-sdk/lib/tinyusb/src/device/usbd.c.obj
 .bss._usbd_mutex
                0x20001f30        0x4 CMakeFiles/numlocked.dir/home/yuhkuro/projects/pico-sdk/lib/tinyusb/src/device/usbd.c.obj
 .bss._usbd_q   0x20001f34        0x4 CMakeFiles/numlocked.dir/home/yuhkuro/projects/pico-sdk/lib/tinyusb/src/device/usbd.c.obj
 .bss._usbd_qdef_buf
                0x20001f38       0xc0 CMakeFiles/numlocked.dir/home/yuhkuro/projects/pico-sdk/lib/tinyusb/src/device/usbd.c.obj
                0x20001f38                _usbd_qdef_buf
 .bss.boot2_copyout
                0x20001ff8      0x100 CMakeFiles/numlocked.dir/home/yuhkuro/projects/pico-sdk/src/rp2_common/hardware_flash/flash.c.obj
 .bss.callbacks
                0x200020f8        0x8 CMakeFiles/numlocked.dir/home/yuhkuro/projects/pico-sdk/src/rp2_common/hardware_gpio/gpio.c.obj
 .bss.chars_available_callback
                0x20002100        0x4 CMakeFiles/numlocked.dir/home/yuhkuro/projects/pico-sdk/src/rp2_common/pico_stdio_uart/stdio_uart.c.obj
 .bss.chars_available_param
                0x20002104        0x4 CMakeFiles/numlocked.dir/home/yuhkuro/projects/pico-sdk/src/rp2_common/pico_stdio_uart/stdio_uart.c.obj
 .bss.claimed   0x20002108        0x4 CMakeFiles/numlocked.dir/home/yuhkuro/projects/pico-sdk/src/rp2_common/hardware_sync/sync.c.obj
 .bss.claimed   0x2000210c        0x1 CMakeFiles/numlocked.dir/home/yuhkuro/projects/pico-sdk/src/rp2_common/hardware_timer/timer.c.obj
 *fill*         0x2000210d        0x3 
 .bss.configured_freq
                0x20002110       0x28 CMakeFiles/numlocked.dir/home/yuhkuro/projects/pico-sdk/src/rp2_common/hardware_clocks/clocks.c.obj
 .bss.drivers   0x20002138        0x4 CMakeFiles/numlocked.dir/home/yuhkuro/projects/pico-sdk/src/rp2_common/pico_stdio/stdio.c.obj
 .bss.e15_last_sof
                0x2000213c        0x4 CMakeFiles/numlocked.dir/home/yuhkuro/projects/pico-sdk/lib/tinyusb/src/portable/raspberrypi/rp2040/rp2040_usb.c.obj
                0x2000213c                e15_last_sof
 .bss.filter    0x20002140        0x4 CMakeFiles/numlocked.dir/home/yuhkuro/projects/pico-sdk/src/rp2_common/pico_stdio/stdio.c.obj
 .bss.global    0x20002144       0x18 CMakeFiles/numlocked.dir/main.c.obj
                0x20002144                global
 .bss.heap_end.0
                0x2000215c        0x4 CMakeFiles/numlocked.dir/home/yuhkuro/projects/pico-sdk/src/rp2_common/pico_clib_interface/newlib_interface.c.obj
 .bss.hw_endpoints
                0x20002160      0x400 CMakeFiles/numlocked.dir/home/yuhkuro/projects/pico-sdk/lib/tinyusb/src/portable/raspberrypi/rp2040/dcd_rp2040.c.obj
 .bss.keyStatus
                0x20002560       0xf0 CMakeFiles/numlocked.dir/keyboard.c.obj
                0x20002560                keyStatus
 .bss.lastValidTime.0
                0x20002650        0x4 CMakeFiles/numlocked.dir/keyboard.c.obj
 .bss.lazy_vsnprintf
                0x20002654        0x4 CMakeFiles/numlocked.dir/home/yuhkuro/projects/pico-sdk/src/rp2_common/pico_printf/printf.c.obj
 .bss.next_buffer_ptr
                0x20002658        0x4 CMakeFiles/numlocked.dir/home/yuhkuro/projects/pico-sdk/lib/tinyusb/src/portable/raspberrypi/rp2040/dcd_rp2040.c.obj
 .bss.pools     0x2000265c       0x10 CMakeFiles/numlocked.dir/home/yuhkuro/projects/pico-sdk/src/common/pico_time/time.c.obj
 .bss.raw_irq_mask
                0x2000266c        0x8 CMakeFiles/numlocked.dir/home/yuhkuro/projects/pico-sdk/src/rp2_common/hardware_gpio/gpio.c.obj
 .bss.retrieved_id
                0x20002674        0x8 CMakeFiles/numlocked.dir/home/yuhkuro/projects/pico-sdk/src/rp2_common/pico_unique_id/unique_id.c.obj
 .bss.sf_clz_func
                0x2000267c        0x4 CMakeFiles/numlocked.dir/home/yuhkuro/projects/pico-sdk/src/rp2_common/pico_double/double_init_rom_rp2040.c.obj
                0x2000267c                sf_clz_func
 .bss.sleep_notifier
                0x20002680        0x4 CMakeFiles/numlocked.dir/home/yuhkuro/projects/pico-sdk/src/common/pico_time/time.c.obj
 .bss.uart_char_to_line_feed
                0x20002684        0x4 CMakeFiles/numlocked.dir/home/yuhkuro/projects/pico-sdk/src/rp2_common/hardware_uart/uart.c.obj
                0x20002684                uart_char_to_line_feed
 .bss.uart_inst
                0x20002688        0x4 CMakeFiles/numlocked.dir/home/yuhkuro/projects/pico-sdk/lib/tinyusb/hw/bsp/rp2040/family.c.obj
 .bss.uart_instance
                0x2000268c        0x4 CMakeFiles/numlocked.dir/home/yuhkuro/projects/pico-sdk/src/rp2_common/pico_stdio_uart/stdio_uart.c.obj
 .bss._app_driver_count
                0x20002690        0x1 CMakeFiles/numlocked.dir/home/yuhkuro/projects/pico-sdk/lib/tinyusb/src/device/usbd.c.obj
 .bss._sof_enable
                0x20002691        0x1 CMakeFiles/numlocked.dir/home/yuhkuro/projects/pico-sdk/lib/tinyusb/src/portable/raspberrypi/rp2040/dcd_rp2040.c.obj
 .bss._usbd_queued_setup
                0x20002692        0x1 CMakeFiles/numlocked.dir/home/yuhkuro/projects/pico-sdk/lib/tinyusb/src/device/usbd.c.obj
 .bss.boot2_copyout_valid
                0x20002693        0x1 CMakeFiles/numlocked.dir/home/yuhkuro/projects/pico-sdk/src/rp2_common/hardware_flash/flash.c.obj
 .bss.current_minute
                0x20002694        0x1 CMakeFiles/numlocked.dir/oled_cdc.c.obj
 .bss.irq_handler_chain_free_slot_head
                0x20002695        0x1 CMakeFiles/numlocked.dir/home/yuhkuro/projects/pico-sdk/src/rp2_common/hardware_irq/irq.c.obj
 .bss.lastEncoderState
                0x20002696        0x1 CMakeFiles/numlocked.dir/main.c.obj
                0x20002696                lastEncoderState
 *(COMMON)
                0x20002698                        . = ALIGN (0x4)
 *fill*         0x20002697        0x1 
                0x20002698                        __bss_end__ = .

.heap           0x20002698    0x3d968 load address 0x1000d448
                0x20002698                        __end__ = .
                0x20002698                        end = __end__
 *(.heap*)
 .heap          0x20002698      0x800 CMakeFiles/numlocked.dir/home/yuhkuro/projects/pico-sdk/src/rp2_common/pico_crt0/crt0.S.obj
                0x20040000                        . = (ORIGIN (RAM) + LENGTH (RAM))
 *fill*         0x20002e98    0x3d168 
                0x20040000                        __HeapLimit = .

.scratch_x      0x20040000        0x0 load address 0x1000d448
                0x20040000                        __scratch_x_start__ = .
 *(.scratch_x.*)
                0x20040000                        . = ALIGN (0x4)
                0x20040000                        __scratch_x_end__ = .
                0x1000d448                        __scratch_x_source__ = LOADADDR (.scratch_x)

.scratch_y      0x20041000        0x0 load address 0x1000d448
                0x20041000                        __scratch_y_start__ = .
 *(.scratch_y.*)
                0x20041000                        . = ALIGN (0x4)
                0x20041000                        __scratch_y_end__ = .
                0x1000d448                        __scratch_y_source__ = LOADADDR (.scratch_y)

.stack1_dummy   0x20040000      0x800
 *(.stack1*)
 .stack1        0x20040000      0x800 CMakeFiles/numlocked.dir/home/yuhkuro/projects/pico-sdk/src/rp2_common/pico_multicore/multicore.c.obj

.stack_dummy    0x20041000      0x800
 *(.stack*)
 .stack         0x20041000      0x800 CMakeFiles/numlocked.dir/home/yuhkuro/projects/pico-sdk/src/rp2_common/pico_crt0/crt0.S.obj

.flash_end      0x1000d448        0x0
 *(.embedded_end_block*)
                0x1000d448                        PROVIDE (__flash_binary_end = .)
                0x20040000                        __StackLimit = (ORIGIN (RAM) + LENGTH (RAM))
                0x20041000                        __StackOneTop = (ORIGIN (SCRATCH_X) + LENGTH (SCRATCH_X))
                0x20042000                        __StackTop = (ORIGIN (SCRATCH_Y) + LENGTH (SCRATCH_Y))
                0x20040800                        __StackOneBottom = (__StackOneTop - SIZEOF (.stack1_dummy))
                0x20041800                        __StackBottom = (__StackTop - SIZEOF (.stack_dummy))
                0x20042000                        PROVIDE (__stack = __StackTop)
                [!provide]                        PROVIDE (__heap_start = __end__)
                [!provide]                        PROVIDE (__heap_end = __HeapLimit)
                [!provide]                        PROVIDE (__tls_align = MAX (ALIGNOF (.tdata), ALIGNOF (.tbss)))
                [!provide]                        PROVIDE (__tls_size_align = (((__tls_size + __tls_align) - 0x1) & ~ ((__tls_align - 0x1))))
                [!provide]                        PROVIDE (__arm32_tls_tcb_offset = MAX (0x8, __tls_align))
                [!provide]                        PROVIDE (_end = __end__)
                [!provide]                        PROVIDE (__llvm_libc_heap_limit = __HeapLimit)
                0x00000001                        ASSERT ((__StackLimit >= __HeapLimit), region RAM overflowed)
                0x00000001                        ASSERT (((__binary_info_header_end - __logical_binary_start) <= 0x100), Binary info must be in first 256 bytes of the binary)
LOAD CMakeFiles/numlocked.dir/main.c.obj
LOAD CMakeFiles/numlocked.dir/usb_descriptors.c.obj
LOAD CMakeFiles/numlocked.dir/ssd1306.c.obj
LOAD CMakeFiles/numlocked.dir/oled_cdc.c.obj
LOAD CMakeFiles/numlocked.dir/keyboard.c.obj
LOAD CMakeFiles/numlocked.dir/home/yuhkuro/projects/pico-sdk/src/rp2_common/pico_stdlib/stdlib.c.obj
LOAD CMakeFiles/numlocked.dir/home/yuhkuro/projects/pico-sdk/src/rp2_common/hardware_gpio/gpio.c.obj
LOAD CMakeFiles/numlocked.dir/home/yuhkuro/projects/pico-sdk/src/rp2040/pico_platform/platform.c.obj
LOAD CMakeFiles/numlocked.dir/home/yuhkuro/projects/pico-sdk/src/rp2_common/pico_platform_panic/panic.c.obj
LOAD CMakeFiles/numlocked.dir/home/yuhkuro/projects/pico-sdk/src/common/hardware_claim/claim.c.obj
LOAD CMakeFiles/numlocked.dir/home/yuhkuro/projects/pico-sdk/src/rp2_common/hardware_sync/sync.c.obj
LOAD CMakeFiles/numlocked.dir/home/yuhkuro/projects/pico-sdk/src/rp2_common/hardware_sync_spin_lock/sync_spin_lock.c.obj
LOAD CMakeFiles/numlocked.dir/home/yuhkuro/projects/pico-sdk/src/rp2_common/hardware_irq/irq.c.obj
LOAD CMakeFiles/numlocked.dir/home/yuhkuro/projects/pico-sdk/src/rp2_common/hardware_irq/irq_handler_chain.S.obj
LOAD CMakeFiles/numlocked.dir/home/yuhkuro/projects/pico-sdk/src/common/pico_sync/sem.c.obj
LOAD CMakeFiles/numlocked.dir/home/yuhkuro/projects/pico-sdk/src/common/pico_sync/lock_core.c.obj
LOAD CMakeFiles/numlocked.dir/home/yuhkuro/projects/pico-sdk/src/common/pico_sync/mutex.c.obj
LOAD CMakeFiles/numlocked.dir/home/yuhkuro/projects/pico-sdk/src/common/pico_sync/critical_section.c.obj
LOAD CMakeFiles/numlocked.dir/home/yuhkuro/projects/pico-sdk/src/common/pico_time/time.c.obj
LOAD CMakeFiles/numlocked.dir/home/yuhkuro/projects/pico-sdk/src/common/pico_time/timeout_helper.c.obj
LOAD CMakeFiles/numlocked.dir/home/yuhkuro/projects/pico-sdk/src/rp2_common/hardware_timer/timer.c.obj
LOAD CMakeFiles/numlocked.dir/home/yuhkuro/projects/pico-sdk/src/common/pico_util/datetime.c.obj
LOAD CMakeFiles/numlocked.dir/home/yuhkuro/projects/pico-sdk/src/common/pico_util/pheap.c.obj