/home/yuhkuro/projects/pico-sdk/src/rp2_common/pico_stdio_uart/stdio_uart.c:141:13:stdio_uart_out_chars	20	static
/home/yuhkuro/projects/pico-sdk/src/rp2_common/pico_stdio_uart/stdio_uart.c:147:5:stdio_uart_in_chars	16	static
/home/yuhkuro/projects/pico-sdk/src/rp2_common/pico_stdio_uart/stdio_uart.c:162:13:on_uart_rx	8	static
/home/yuhkuro/projects/pico-sdk/src/rp2_common/pico_stdio_uart/stdio_uart.c:188:13:stdio_uart_out_flush	0	static
/home/yuhkuro/projects/pico-sdk/src/rp2_common/pico_stdio_uart/stdio_uart.c:172:13:stdio_uart_set_chars_available_callback	24	static
/home/yuhkuro/projects/pico-sdk/src/rp2_common/pico_stdio_uart/include/pico/stdio_uart.h:45:6:stdio_uart_init	8	static
/home/yuhkuro/projects/pico-sdk/src/rp2_common/pico_stdio_uart/include/pico/stdio_uart.h:52:6:stdout_uart_init	8	static
/home/yuhkuro/projects/pico-sdk/src/rp2_common/pico_stdio_uart/include/pico/stdio_uart.h:59:6:stdin_uart_init	8	static
/home/yuhkuro/projects/pico-sdk/src/rp2_common/pico_stdio_uart/include/pico/stdio_uart.h:69:6:stdio_uart_init_full	16	static
/home/yuhkuro/projects/pico-sdk/src/rp2_common/pico_stdio_uart/include/pico/stdio_uart.h:79:6:stdio_uart_deinit	8	static
/home/yuhkuro/projects/pico-sdk/src/rp2_common/pico_stdio_uart/include/pico/stdio_uart.h:86:6:stdout_uart_deinit	8	static
/home/yuhkuro/projects/pico-sdk/src/rp2_common/pico_stdio_uart/include/pico/stdio_uart.h:93:6:stdin_uart_deinit	8	static
/home/yuhkuro/projects/pico-sdk/src/rp2_common/pico_stdio_uart/include/pico/stdio_uart.h:102:6:stdio_uart_deinit_full	8	static
