/home/yuhkuro/projects/pico-sdk/src/rp2_common/pico_multicore/multicore.c:72:37:core1_trampoline	0	static
/home/yuhkuro/projects/pico-sdk/src/rp2_common/pico_multicore/multicore.c:205:19:multicore_lockout_handler	16	static
/home/yuhkuro/projects/pico-sdk/src/rp2_common/pico_multicore/multicore.c:89:5:core1_wrapper	8	static
/home/yuhkuro/projects/pico-sdk/src/rp2_common/pico_multicore/multicore.c:240:13:multicore_lockout_handshake	48	static
/home/yuhkuro/projects/pico-sdk/src/rp2_common/pico_multicore/include/pico/multicore.h:171:6:multicore_fifo_push_blocking	0	static
/home/yuhkuro/projects/pico-sdk/src/rp2_common/pico_multicore/include/pico/multicore.h:205:6:multicore_fifo_push_timeout_us	24	static
/home/yuhkuro/projects/pico-sdk/src/rp2_common/pico_multicore/include/pico/multicore.h:218:10:multicore_fifo_pop_blocking	0	static
/home/yuhkuro/projects/pico-sdk/src/rp2_common/pico_multicore/include/pico/multicore.h:251:6:multicore_fifo_pop_timeout_us	32	static
/home/yuhkuro/projects/pico-sdk/src/rp2_common/pico_multicore/include/pico/multicore.h:73:6:multicore_reset_core1	16	static
/home/yuhkuro/projects/pico-sdk/src/rp2_common/pico_multicore/include/pico/multicore.h:120:6:multicore_launch_core1_raw	48	static
/home/yuhkuro/projects/pico-sdk/src/rp2_common/pico_multicore/include/pico/multicore.h:103:6:multicore_launch_core1_with_stack	8	static
/home/yuhkuro/projects/pico-sdk/src/rp2_common/pico_multicore/include/pico/multicore.h:87:6:multicore_launch_core1	16	static
/home/yuhkuro/projects/pico-sdk/src/rp2_common/pico_multicore/include/pico/multicore.h:450:6:multicore_lockout_victim_init	16	static
/home/yuhkuro/projects/pico-sdk/src/rp2_common/pico_multicore/include/pico/multicore.h:485:6:multicore_lockout_start_timeout_us	24	static
/home/yuhkuro/projects/pico-sdk/src/rp2_common/pico_multicore/include/pico/multicore.h:472:6:multicore_lockout_start_blocking	24	static
/home/yuhkuro/projects/pico-sdk/src/rp2_common/pico_multicore/include/pico/multicore.h:509:6:multicore_lockout_end_timeout_us	24	static
/home/yuhkuro/projects/pico-sdk/src/rp2_common/pico_multicore/include/pico/multicore.h:493:6:multicore_lockout_end_blocking	24	static
/home/yuhkuro/projects/pico-sdk/src/rp2_common/pico_multicore/include/pico/multicore.h:462:6:multicore_lockout_victim_is_initialized	0	static
