/home/yuhkuro/projects/pico-sdk/src/rp2_common/hardware_irq/include/hardware/irq.h:403:6:runtime_init_per_core_irq_priorities	0	static
/home/yuhkuro/projects/pico-sdk/src/rp2_common/hardware_irq/include/hardware/irq.h:252:6:irq_set_enabled	0	static
/home/yuhkuro/projects/pico-sdk/src/rp2_common/hardware_irq/include/hardware/irq.h:260:6:irq_is_enabled	0	static
/home/yuhkuro/projects/pico-sdk/src/rp2_common/hardware_irq/include/hardware/irq.h:268:6:irq_set_mask_enabled	0	static
/home/yuhkuro/projects/pico-sdk/src/rp2_common/hardware_irq/include/hardware/irq.h:277:6:irq_set_mask_n_enabled	0	static
/home/yuhkuro/projects/pico-sdk/src/rp2_common/hardware_irq/include/hardware/irq.h:396:6:irq_set_pending	0	static
/home/yuhkuro/projects/pico-sdk/src/rp2_common/hardware_irq/include/hardware/irq.h:358:6:irq_has_shared_handler	0	static
/home/yuhkuro/projects/pico-sdk/src/rp2_common/hardware_irq/include/hardware/irq.h:367:15:irq_get_vtable_handler	0	static
/home/yuhkuro/projects/pico-sdk/src/rp2_common/hardware_irq/include/hardware/irq.h:293:6:irq_set_exclusive_handler	16	static
/home/yuhkuro/projects/pico-sdk/src/rp2_common/hardware_irq/include/hardware/irq.h:306:15:irq_get_exclusive_handler	0	static
/home/yuhkuro/projects/pico-sdk/src/rp2_common/hardware_irq/include/hardware/irq.h:332:6:irq_add_shared_handler	56	static
/home/yuhkuro/projects/pico-sdk/src/rp2_common/hardware_irq/include/hardware/irq.h:350:6:irq_remove_handler	48	static
/home/yuhkuro/projects/pico-sdk/src/rp2_common/hardware_irq/include/hardware/irq.h:221:6:irq_set_priority	8	static
/home/yuhkuro/projects/pico-sdk/src/rp2_common/hardware_irq/include/hardware/irq.h:244:6:irq_get_priority	0	static
/home/yuhkuro/projects/pico-sdk/src/rp2_common/hardware_irq/irq.c:620:6:irq_add_tail_to_free_list	16	static
/home/yuhkuro/projects/pico-sdk/src/rp2_common/hardware_irq/include/hardware/irq.h:421:6:user_irq_claim	8	static
/home/yuhkuro/projects/pico-sdk/src/rp2_common/hardware_irq/include/hardware/irq.h:437:6:user_irq_unclaim	8	static
/home/yuhkuro/projects/pico-sdk/src/rp2_common/hardware_irq/include/hardware/irq.h:452:5:user_irq_claim_unused	16	static
/home/yuhkuro/projects/pico-sdk/src/rp2_common/hardware_irq/include/hardware/irq.h:469:6:user_irq_is_claimed	8	static
