/home/yuhkuro/projects/pico-sdk/src/rp2_common/hardware_clocks/clocks.c:190:13:clocks_irq_handler	16	static
/home/yuhkuro/projects/pico-sdk/src/rp2_common/hardware_clocks/include/hardware/clocks.h:303:6:clock_stop	0	static
/home/yuhkuro/projects/pico-sdk/src/rp2_common/hardware_clocks/include/hardware/clocks.h:271:6:clock_configure	40	static
/home/yuhkuro/projects/pico-sdk/src/rp2_common/hardware_clocks/include/hardware/clocks.h:296:6:clock_configure_int_divider	40	static
/home/yuhkuro/projects/pico-sdk/src/rp2_common/hardware_clocks/include/hardware/clocks.h:283:6:clock_configure_undivided	32	static
/home/yuhkuro/projects/pico-sdk/src/rp2_common/hardware_clocks/include/hardware/clocks.h:311:10:clock_get_hz	0	static
/home/yuhkuro/projects/pico-sdk/src/rp2_common/hardware_clocks/include/hardware/clocks.h:326:6:clock_set_reported_hz	0	static
/home/yuhkuro/projects/pico-sdk/src/rp2_common/hardware_clocks/include/hardware/clocks.h:319:10:frequency_count_khz	16	static
/home/yuhkuro/projects/pico-sdk/src/rp2_common/hardware_clocks/include/hardware/clocks.h:349:6:clocks_enable_resus	8	static
/home/yuhkuro/projects/pico-sdk/src/rp2_common/hardware_clocks/include/hardware/clocks.h:359:6:clock_gpio_init_int_frac	16	static
/home/yuhkuro/projects/pico-sdk/src/rp2_common/hardware_clocks/include/hardware/clocks.h:383:6:clock_configure_gpin	32	static
/home/yuhkuro/projects/pico-sdk/src/rp2_common/hardware_clocks/include/hardware/clocks.h:390:6:set_sys_clock_48mhz	16	static
/home/yuhkuro/projects/pico-sdk/src/rp2_common/hardware_clocks/include/hardware/clocks.h:401:6:set_sys_clock_pll	40	static
/home/yuhkuro/projects/pico-sdk/src/rp2_common/hardware_clocks/include/hardware/clocks.h:412:6:check_sys_clock_hz	56	static
/home/yuhkuro/projects/pico-sdk/src/rp2_common/hardware_clocks/include/hardware/clocks.h:423:6:check_sys_clock_khz	56	static
